[2025-04-21T14:14:15.884+0000][0.085s] Using G1
[2025-04-21T14:14:16.480+0000][0.682s] Version: 17.0.14+7 (release)
[2025-04-21T14:14:16.483+0000][0.684s] CPUs: 12 total, 12 available
[2025-04-21T14:14:16.484+0000][0.685s] Memory: 3845M
[2025-04-21T14:14:16.484+0000][0.685s] Large Page Support: Disabled
[2025-04-21T14:14:16.484+0000][0.686s] NUMA Support: Disabled
[2025-04-21T14:14:16.485+0000][0.686s] Compressed Oops: Enabled (32-bit)
[2025-04-21T14:14:16.485+0000][0.686s] Heap Region Size: 1M
[2025-04-21T14:14:16.485+0000][0.686s] Heap Min Capacity: 512M
[2025-04-21T14:14:16.485+0000][0.686s] Heap Initial Capacity: 512M
[2025-04-21T14:14:16.486+0000][0.687s] Heap Max Capacity: 512M
[2025-04-21T14:14:16.486+0000][0.687s] Pre-touch: Enabled
[2025-04-21T14:14:16.486+0000][0.687s] Parallel Workers: 10
[2025-04-21T14:14:16.486+0000][0.688s] Concurrent Workers: 3
[2025-04-21T14:14:16.486+0000][0.688s] Concurrent Refinement Workers: 10
[2025-04-21T14:14:16.487+0000][0.688s] Periodic GC: Disabled
[2025-04-21T14:14:16.539+0000][0.740s] CDS archive(s) mapped at: [0x00007f0313000000-0x00007f0313a62000-0x00007f0313a62000), size 10887168, SharedBaseAddress: 0x00007f0313000000, ArchiveRelocationMode: 1.
[2025-04-21T14:14:16.539+0000][0.741s] Compressed class space mapped at: 0x00007f0314000000-0x00007f0354000000, reserved size: 1073741824
[2025-04-21T14:14:16.540+0000][0.741s] Narrow klass base: 0x00007f0313000000, Narrow klass shift: 0, Narrow klass range: 0x100000000
[2025-04-21T14:14:19.550+0000][3.751s] GC(0) Pause Young (Normal) (G1 Evacuation Pause)
[2025-04-21T14:14:19.551+0000][3.752s] GC(0) Using 10 workers of 10 for evacuation
[2025-04-21T14:14:19.560+0000][3.761s] GC(0)   Pre Evacuate Collection Set: 0.7ms
[2025-04-21T14:14:19.560+0000][3.761s] GC(0)   Merge Heap Roots: 0.1ms
[2025-04-21T14:14:19.561+0000][3.762s] GC(0)   Evacuate Collection Set: 5.7ms
[2025-04-21T14:14:19.561+0000][3.762s] GC(0)   Post Evacuate Collection Set: 1.4ms
[2025-04-21T14:14:19.561+0000][3.763s] GC(0)   Other: 1.5ms
[2025-04-21T14:14:19.562+0000][3.763s] GC(0) Eden regions: 29->0(59)
[2025-04-21T14:14:19.562+0000][3.764s] GC(0) Survivor regions: 0->4(4)
[2025-04-21T14:14:19.563+0000][3.764s] GC(0) Old regions: 0->0
[2025-04-21T14:14:19.563+0000][3.764s] GC(0) Archive regions: 2->2
[2025-04-21T14:14:19.564+0000][3.765s] GC(0) Humongous regions: 0->0
[2025-04-21T14:14:19.565+0000][3.766s] GC(0) Metaspace: 9625K(9920K)->9625K(9920K) NonClass: 8437K(8576K)->8437K(8576K) Class: 1187K(1344K)->1187K(1344K)
[2025-04-21T14:14:19.565+0000][3.766s] GC(0) Pause Young (Normal) (G1 Evacuation Pause) 29M->4M(512M) 14.906ms
[2025-04-21T14:14:19.570+0000][3.772s] GC(0) User=0.03s Sys=0.00s Real=0.02s
[2025-04-21T14:14:22.151+0000][6.352s] GC(1) Pause Young (Normal) (G1 Evacuation Pause)
[2025-04-21T14:14:22.151+0000][6.353s] GC(1) Using 10 workers of 10 for evacuation
[2025-04-21T14:14:22.181+0000][6.382s] GC(1)   Pre Evacuate Collection Set: 0.3ms
[2025-04-21T14:14:22.181+0000][6.382s] GC(1)   Merge Heap Roots: 0.1ms
[2025-04-21T14:14:22.181+0000][6.383s] GC(1)   Evacuate Collection Set: 27.0ms
[2025-04-21T14:14:22.182+0000][6.383s] GC(1)   Post Evacuate Collection Set: 1.3ms
[2025-04-21T14:14:22.182+0000][6.383s] GC(1)   Other: 1.2ms
[2025-04-21T14:14:22.182+0000][6.384s] GC(1) Eden regions: 59->0(75)
[2025-04-21T14:14:22.183+0000][6.384s] GC(1) Survivor regions: 4->8(8)
[2025-04-21T14:14:22.183+0000][6.384s] GC(1) Old regions: 0->6
[2025-04-21T14:14:22.183+0000][6.384s] GC(1) Archive regions: 2->2
[2025-04-21T14:14:22.183+0000][6.384s] GC(1) Humongous regions: 4->4
[2025-04-21T14:14:22.183+0000][6.385s] GC(1) Metaspace: 17797K(18112K)->17797K(18112K) NonClass: 15602K(15744K)->15602K(15744K) Class: 2194K(2368K)->2194K(2368K)
[2025-04-21T14:14:22.184+0000][6.385s] GC(1) Pause Young (Normal) (G1 Evacuation Pause) 67M->18M(512M) 32.753ms
[2025-04-21T14:14:22.184+0000][6.385s] GC(1) User=0.19s Sys=0.00s Real=0.03s
[2025-04-21T14:14:22.544+0000][6.746s] GC(2) Pause Young (Normal) (G1 Evacuation Pause)
[2025-04-21T14:14:22.545+0000][6.746s] GC(2) Using 10 workers of 10 for evacuation
[2025-04-21T14:14:22.553+0000][6.755s] GC(2)   Pre Evacuate Collection Set: 0.2ms
[2025-04-21T14:14:22.554+0000][6.755s] GC(2)   Merge Heap Roots: 0.1ms
[2025-04-21T14:14:22.554+0000][6.755s] GC(2)   Evacuate Collection Set: 7.3ms
[2025-04-21T14:14:22.554+0000][6.755s] GC(2)   Post Evacuate Collection Set: 0.7ms
[2025-04-21T14:14:22.554+0000][6.755s] GC(2)   Other: 0.6ms
[2025-04-21T14:14:22.554+0000][6.755s] GC(2) Eden regions: 70->0(302)
[2025-04-21T14:14:22.554+0000][6.755s] GC(2) Survivor regions: 8->5(10)
[2025-04-21T14:14:22.554+0000][6.756s] GC(2) Old regions: 6->14
[2025-04-21T14:14:22.554+0000][6.756s] GC(2) Archive regions: 2->2
[2025-04-21T14:14:22.555+0000][6.756s] GC(2) Humongous regions: 4->4
[2025-04-21T14:14:22.555+0000][6.756s] GC(2) Metaspace: 17954K(18240K)->17954K(18240K) NonClass: 15756K(15872K)->15756K(15872K) Class: 2197K(2368K)->2197K(2368K)
[2025-04-21T14:14:22.555+0000][6.756s] GC(2) Pause Young (Normal) (G1 Evacuation Pause) 88M->22M(512M) 10.441ms
[2025-04-21T14:14:22.555+0000][6.756s] GC(2) User=0.07s Sys=0.00s Real=0.01s
[2025-04-21T14:14:23.607+0000][7.808s] GC(3) Pause Young (Concurrent Start) (Metadata GC Threshold)
[2025-04-21T14:14:23.608+0000][7.809s] GC(3) Using 10 workers of 10 for evacuation
[2025-04-21T14:14:23.616+0000][7.817s] GC(3)   Pre Evacuate Collection Set: 0.3ms
[2025-04-21T14:14:23.617+0000][7.818s] GC(3)   Merge Heap Roots: 0.2ms
[2025-04-21T14:14:23.617+0000][7.818s] GC(3)   Evacuate Collection Set: 4.4ms
[2025-04-21T14:14:23.617+0000][7.819s] GC(3)   Post Evacuate Collection Set: 1.0ms
[2025-04-21T14:14:23.618+0000][7.819s] GC(3)   Other: 2.9ms
[2025-04-21T14:14:23.618+0000][7.819s] GC(3) Eden regions: 30->0(301)
[2025-04-21T14:14:23.618+0000][7.819s] GC(3) Survivor regions: 5->6(39)
[2025-04-21T14:14:23.618+0000][7.819s] GC(3) Old regions: 14->14
[2025-04-21T14:14:23.618+0000][7.820s] GC(3) Archive regions: 2->2
[2025-04-21T14:14:23.619+0000][7.820s] GC(3) Humongous regions: 4->4
[2025-04-21T14:14:23.619+0000][7.820s] GC(3) Metaspace: 21115K(21504K)->21115K(21504K) NonClass: 18522K(18688K)->18522K(18688K) Class: 2592K(2816K)->2592K(2816K)
[2025-04-21T14:14:23.619+0000][7.820s] GC(3) Pause Young (Concurrent Start) (Metadata GC Threshold) 52M->24M(512M) 11.904ms
[2025-04-21T14:14:23.619+0000][7.820s] GC(3) User=0.01s Sys=0.02s Real=0.01s
[2025-04-21T14:14:23.619+0000][7.821s] GC(4) Concurrent Mark Cycle
[2025-04-21T14:14:23.620+0000][7.821s] GC(4) Concurrent Clear Claimed Marks
[2025-04-21T14:14:23.620+0000][7.821s] GC(4) Concurrent Clear Claimed Marks 0.448ms
[2025-04-21T14:14:23.620+0000][7.822s] GC(4) Concurrent Scan Root Regions
[2025-04-21T14:14:23.630+0000][7.831s] GC(4) Concurrent Scan Root Regions 9.579ms
[2025-04-21T14:14:23.631+0000][7.833s] GC(4) Concurrent Mark
[2025-04-21T14:14:23.646+0000][7.847s] GC(4) Concurrent Mark From Roots
[2025-04-21T14:14:23.653+0000][7.854s] GC(4) Using 3 workers of 3 for marking
[2025-04-21T14:14:23.679+0000][7.880s] GC(4) Concurrent Mark From Roots 33.022ms
[2025-04-21T14:14:23.680+0000][7.882s] GC(4) Concurrent Preclean
[2025-04-21T14:14:23.682+0000][7.883s] GC(4) Concurrent Preclean 1.195ms
[2025-04-21T14:14:23.682+0000][7.883s] GC(4) Pause Remark
[2025-04-21T14:14:23.689+0000][7.891s] GC(4) Pause Remark 26M->26M(512M) 7.357ms
[2025-04-21T14:14:23.690+0000][7.891s] GC(4) User=0.01s Sys=0.00s Real=0.01s
[2025-04-21T14:14:23.691+0000][7.892s] GC(4) Concurrent Mark 59.413ms
[2025-04-21T14:14:23.693+0000][7.894s] GC(4) Concurrent Rebuild Remembered Sets
[2025-04-21T14:14:23.703+0000][7.904s] GC(4) Concurrent Rebuild Remembered Sets 9.471ms
[2025-04-21T14:14:23.704+0000][7.905s] GC(4) Pause Cleanup
[2025-04-21T14:14:23.704+0000][7.906s] GC(4) Pause Cleanup 26M->26M(512M) 0.924ms
[2025-04-21T14:14:23.705+0000][7.907s] GC(4) User=0.00s Sys=0.00s Real=0.00s
[2025-04-21T14:14:23.707+0000][7.908s] GC(4) Concurrent Cleanup for Next Mark
[2025-04-21T14:14:23.717+0000][7.919s] GC(4) Concurrent Cleanup for Next Mark 10.501ms
[2025-04-21T14:14:23.718+0000][7.919s] GC(4) Concurrent Mark Cycle 98.340ms
[2025-04-21T14:14:28.612+0000][12.813s] GC(5) Pause Young (Concurrent Start) (Metadata GC Threshold)
[2025-04-21T14:14:28.612+0000][12.814s] GC(5) Using 10 workers of 10 for evacuation
[2025-04-21T14:14:28.629+0000][12.831s] GC(5)   Pre Evacuate Collection Set: 0.2ms
[2025-04-21T14:14:28.630+0000][12.831s] GC(5)   Merge Heap Roots: 0.1ms
[2025-04-21T14:14:28.630+0000][12.831s] GC(5)   Evacuate Collection Set: 11.9ms
[2025-04-21T14:14:28.630+0000][12.831s] GC(5)   Post Evacuate Collection Set: 4.1ms
[2025-04-21T14:14:28.630+0000][12.832s] GC(5)   Other: 0.9ms
[2025-04-21T14:14:28.631+0000][12.832s] GC(5) Eden regions: 103->0(296)
[2025-04-21T14:14:28.631+0000][12.832s] GC(5) Survivor regions: 6->11(39)
[2025-04-21T14:14:28.631+0000][12.833s] GC(5) Old regions: 14->14
[2025-04-21T14:14:28.632+0000][12.833s] GC(5) Archive regions: 2->2
[2025-04-21T14:14:28.632+0000][12.833s] GC(5) Humongous regions: 4->4
[2025-04-21T14:14:28.632+0000][12.833s] GC(5) Metaspace: 35852K(36160K)->35852K(36160K) NonClass: 31360K(31488K)->31360K(31488K) Class: 4492K(4672K)->4492K(4672K)
[2025-04-21T14:14:28.632+0000][12.833s] GC(5) Pause Young (Concurrent Start) (Metadata GC Threshold) 127M->29M(512M) 20.163ms
[2025-04-21T14:14:28.632+0000][12.834s] GC(5) User=0.11s Sys=0.01s Real=0.02s
[2025-04-21T14:14:28.633+0000][12.834s] GC(6) Concurrent Mark Cycle
[2025-04-21T14:14:28.633+0000][12.834s] GC(6) Concurrent Clear Claimed Marks
[2025-04-21T14:14:28.633+0000][12.835s] GC(6) Concurrent Clear Claimed Marks 0.397ms
[2025-04-21T14:14:28.634+0000][12.835s] GC(6) Concurrent Scan Root Regions
[2025-04-21T14:14:28.638+0000][12.840s] GC(6) Concurrent Scan Root Regions 4.348ms
[2025-04-21T14:14:28.639+0000][12.840s] GC(6) Concurrent Mark
[2025-04-21T14:14:28.639+0000][12.840s] GC(6) Concurrent Mark From Roots
[2025-04-21T14:14:28.639+0000][12.841s] GC(6) Using 3 workers of 3 for marking
[2025-04-21T14:14:28.661+0000][12.862s] GC(6) Concurrent Mark From Roots 21.965ms
[2025-04-21T14:14:28.663+0000][12.864s] GC(6) Concurrent Preclean
[2025-04-21T14:14:28.664+0000][12.865s] GC(6) Concurrent Preclean 1.033ms
[2025-04-21T14:14:28.666+0000][12.868s] GC(6) Pause Remark
[2025-04-21T14:14:28.671+0000][12.872s] GC(6) Pause Remark 31M->31M(512M) 4.477ms
[2025-04-21T14:14:28.671+0000][12.872s] GC(6) User=0.01s Sys=0.00s Real=0.00s
[2025-04-21T14:14:28.672+0000][12.873s] GC(6) Concurrent Mark 32.953ms
[2025-04-21T14:14:28.672+0000][12.873s] GC(6) Concurrent Rebuild Remembered Sets
[2025-04-21T14:14:28.681+0000][12.882s] GC(6) Concurrent Rebuild Remembered Sets 8.649ms
[2025-04-21T14:14:28.682+0000][12.883s] GC(6) Pause Cleanup
[2025-04-21T14:14:28.683+0000][12.884s] GC(6) Pause Cleanup 31M->31M(512M) 1.474ms
[2025-04-21T14:14:28.685+0000][12.886s] GC(6) User=0.00s Sys=0.00s Real=0.00s
[2025-04-21T14:14:28.685+0000][12.887s] GC(6) Concurrent Cleanup for Next Mark
[2025-04-21T14:14:28.691+0000][12.893s] GC(6) Concurrent Cleanup for Next Mark 5.864ms
[2025-04-21T14:14:28.702+0000][12.904s] GC(6) Concurrent Mark Cycle 69.382ms
[2025-04-21T14:14:39.342+0000][23.544s] Heap
[2025-04-21T14:14:39.343+0000][23.544s]  garbage-first heap   total 524288K, used 236847K [0x00000000e0000000, 0x0000000100000000)
[2025-04-21T14:14:39.343+0000][23.544s]   region size 1024K, 213 young (218112K), 11 survivors (11264K)
[2025-04-21T14:14:39.343+0000][23.544s]  Metaspace       used 52841K, committed 53312K, reserved 1114112K
[2025-04-21T14:14:39.343+0000][23.544s]   class space    used 6808K, committed 7040K, reserved 1048576K
