[2025-04-21T15:15:24.270+0000][0.130s] Using G1
[2025-04-21T15:15:24.975+0000][0.835s] Version: 17.0.14+7 (release)
[2025-04-21T15:15:24.976+0000][0.836s] CPUs: 12 total, 12 available
[2025-04-21T15:15:24.978+0000][0.838s] Memory: 3845M
[2025-04-21T15:15:24.980+0000][0.839s] Large Page Support: Disabled
[2025-04-21T15:15:24.981+0000][0.840s] NUMA Support: Disabled
[2025-04-21T15:15:24.983+0000][0.843s] Compressed Oops: Enabled (32-bit)
[2025-04-21T15:15:24.983+0000][0.843s] Heap Region Size: 1M
[2025-04-21T15:15:24.984+0000][0.843s] Heap Min Capacity: 512M
[2025-04-21T15:15:24.984+0000][0.844s] Heap Initial Capacity: 512M
[2025-04-21T15:15:24.984+0000][0.844s] Heap Max Capacity: 512M
[2025-04-21T15:15:24.985+0000][0.844s] Pre-touch: Enabled
[2025-04-21T15:15:24.985+0000][0.845s] Parallel Workers: 10
[2025-04-21T15:15:24.985+0000][0.845s] Concurrent Workers: 3
[2025-04-21T15:15:24.985+0000][0.845s] Concurrent Refinement Workers: 10
[2025-04-21T15:15:24.985+0000][0.845s] Periodic GC: Disabled
[2025-04-21T15:15:25.061+0000][0.921s] CDS archive(s) mapped at: [0x00007f76c7000000-0x00007f76c7a62000-0x00007f76c7a62000), size 10887168, SharedBaseAddress: 0x00007f76c7000000, ArchiveRelocationMode: 1.
[2025-04-21T15:15:25.061+0000][0.921s] Compressed class space mapped at: 0x00007f76c8000000-0x00007f7708000000, reserved size: 1073741824
[2025-04-21T15:15:25.065+0000][0.925s] Narrow klass base: 0x00007f76c7000000, Narrow klass shift: 0, Narrow klass range: 0x100000000
[2025-04-21T15:15:28.813+0000][4.673s] GC(0) Pause Young (Normal) (G1 Evacuation Pause)
[2025-04-21T15:15:28.819+0000][4.679s] GC(0) Using 10 workers of 10 for evacuation
[2025-04-21T15:15:28.886+0000][4.745s] GC(0)   Pre Evacuate Collection Set: 0.7ms
[2025-04-21T15:15:28.888+0000][4.748s] GC(0)   Merge Heap Roots: 0.6ms
[2025-04-21T15:15:28.894+0000][4.754s] GC(0)   Evacuate Collection Set: 33.1ms
[2025-04-21T15:15:28.898+0000][4.758s] GC(0)   Post Evacuate Collection Set: 27.0ms
[2025-04-21T15:15:28.900+0000][4.759s] GC(0)   Other: 10.8ms
[2025-04-21T15:15:28.900+0000][4.760s] GC(0) Eden regions: 29->0(54)
[2025-04-21T15:15:28.900+0000][4.760s] GC(0) Survivor regions: 0->4(4)
[2025-04-21T15:15:28.901+0000][4.760s] GC(0) Old regions: 0->0
[2025-04-21T15:15:28.901+0000][4.761s] GC(0) Archive regions: 2->2
[2025-04-21T15:15:28.901+0000][4.761s] GC(0) Humongous regions: 0->0
[2025-04-21T15:15:28.901+0000][4.761s] GC(0) Metaspace: 9624K(9920K)->9624K(9920K) NonClass: 8436K(8576K)->8436K(8576K) Class: 1188K(1344K)->1188K(1344K)
[2025-04-21T15:15:28.902+0000][4.762s] GC(0) Pause Young (Normal) (G1 Evacuation Pause) 29M->4M(512M) 88.678ms
[2025-04-21T15:15:28.902+0000][4.762s] GC(0) User=0.06s Sys=0.01s Real=0.09s
[2025-04-21T15:15:31.574+0000][7.434s] GC(1) Pause Young (Normal) (G1 Evacuation Pause)
[2025-04-21T15:15:31.575+0000][7.435s] GC(1) Using 10 workers of 10 for evacuation
[2025-04-21T15:15:31.601+0000][7.461s] GC(1)   Pre Evacuate Collection Set: 0.2ms
[2025-04-21T15:15:31.601+0000][7.461s] GC(1)   Merge Heap Roots: 0.1ms
[2025-04-21T15:15:31.601+0000][7.461s] GC(1)   Evacuate Collection Set: 24.3ms
[2025-04-21T15:15:31.602+0000][7.461s] GC(1)   Post Evacuate Collection Set: 1.0ms
[2025-04-21T15:15:31.602+0000][7.461s] GC(1)   Other: 1.0ms
[2025-04-21T15:15:31.602+0000][7.462s] GC(1) Eden regions: 54->0(67)
[2025-04-21T15:15:31.602+0000][7.462s] GC(1) Survivor regions: 4->8(8)
[2025-04-21T15:15:31.602+0000][7.462s] GC(1) Old regions: 0->6
[2025-04-21T15:15:31.602+0000][7.462s] GC(1) Archive regions: 2->2
[2025-04-21T15:15:31.603+0000][7.462s] GC(1) Humongous regions: 4->4
[2025-04-21T15:15:31.603+0000][7.463s] GC(1) Metaspace: 17801K(18112K)->17801K(18112K) NonClass: 15606K(15744K)->15606K(15744K) Class: 2194K(2368K)->2194K(2368K)
[2025-04-21T15:15:31.603+0000][7.463s] GC(1) Pause Young (Normal) (G1 Evacuation Pause) 62M->18M(512M) 28.675ms
[2025-04-21T15:15:31.603+0000][7.463s] GC(1) User=0.09s Sys=0.02s Real=0.02s
[2025-04-21T15:15:32.089+0000][7.949s] GC(2) Pause Young (Normal) (G1 Evacuation Pause)
[2025-04-21T15:15:32.090+0000][7.950s] GC(2) Using 10 workers of 10 for evacuation
[2025-04-21T15:15:32.107+0000][7.967s] GC(2)   Pre Evacuate Collection Set: 0.3ms
[2025-04-21T15:15:32.107+0000][7.967s] GC(2)   Merge Heap Roots: 0.2ms
[2025-04-21T15:15:32.108+0000][7.968s] GC(2)   Evacuate Collection Set: 15.3ms
[2025-04-21T15:15:32.108+0000][7.968s] GC(2)   Post Evacuate Collection Set: 0.9ms
[2025-04-21T15:15:32.108+0000][7.968s] GC(2)   Other: 1.0ms
[2025-04-21T15:15:32.108+0000][7.968s] GC(2) Eden regions: 65->0(302)
[2025-04-21T15:15:32.108+0000][7.968s] GC(2) Survivor regions: 8->5(10)
[2025-04-21T15:15:32.109+0000][7.968s] GC(2) Old regions: 6->14
[2025-04-21T15:15:32.109+0000][7.968s] GC(2) Archive regions: 2->2
[2025-04-21T15:15:32.109+0000][7.969s] GC(2) Humongous regions: 4->4
[2025-04-21T15:15:32.109+0000][7.969s] GC(2) Metaspace: 17954K(18240K)->17954K(18240K) NonClass: 15757K(15872K)->15757K(15872K) Class: 2197K(2368K)->2197K(2368K)
[2025-04-21T15:15:32.109+0000][7.969s] GC(2) Pause Young (Normal) (G1 Evacuation Pause) 83M->22M(512M) 19.714ms
[2025-04-21T15:15:32.109+0000][7.969s] GC(2) User=0.07s Sys=0.00s Real=0.02s
[2025-04-21T15:15:33.143+0000][9.003s] GC(3) Pause Young (Concurrent Start) (Metadata GC Threshold)
[2025-04-21T15:15:33.144+0000][9.004s] GC(3) Using 10 workers of 10 for evacuation
[2025-04-21T15:15:33.159+0000][9.019s] GC(3)   Pre Evacuate Collection Set: 0.3ms
[2025-04-21T15:15:33.160+0000][9.020s] GC(3)   Merge Heap Roots: 0.1ms
[2025-04-21T15:15:33.160+0000][9.020s] GC(3)   Evacuate Collection Set: 11.9ms
[2025-04-21T15:15:33.161+0000][9.021s] GC(3)   Post Evacuate Collection Set: 1.7ms
[2025-04-21T15:15:33.161+0000][9.021s] GC(3)   Other: 1.9ms
[2025-04-21T15:15:33.161+0000][9.021s] GC(3) Eden regions: 40->0(301)
[2025-04-21T15:15:33.161+0000][9.021s] GC(3) Survivor regions: 5->6(39)
[2025-04-21T15:15:33.162+0000][9.021s] GC(3) Old regions: 14->14
[2025-04-21T15:15:33.162+0000][9.022s] GC(3) Archive regions: 2->2
[2025-04-21T15:15:33.162+0000][9.022s] GC(3) Humongous regions: 4->4
[2025-04-21T15:15:33.162+0000][9.022s] GC(3) Metaspace: 21109K(21504K)->21109K(21504K) NonClass: 18521K(18688K)->18521K(18688K) Class: 2587K(2816K)->2587K(2816K)
[2025-04-21T15:15:33.162+0000][9.022s] GC(3) Pause Young (Concurrent Start) (Metadata GC Threshold) 62M->23M(512M) 18.881ms
[2025-04-21T15:15:33.162+0000][9.022s] GC(3) User=0.02s Sys=0.00s Real=0.02s
[2025-04-21T15:15:33.164+0000][9.024s] GC(4) Concurrent Mark Cycle
[2025-04-21T15:15:33.165+0000][9.024s] GC(4) Concurrent Clear Claimed Marks
[2025-04-21T15:15:33.172+0000][9.032s] GC(4) Concurrent Clear Claimed Marks 8.123ms
[2025-04-21T15:15:33.176+0000][9.036s] GC(4) Concurrent Scan Root Regions
[2025-04-21T15:15:33.186+0000][9.046s] GC(4) Concurrent Scan Root Regions 9.435ms
[2025-04-21T15:15:33.191+0000][9.050s] GC(4) Concurrent Mark
[2025-04-21T15:15:33.192+0000][9.052s] GC(4) Concurrent Mark From Roots
[2025-04-21T15:15:33.193+0000][9.053s] GC(4) Using 3 workers of 3 for marking
[2025-04-21T15:15:33.224+0000][9.084s] GC(4) Concurrent Mark From Roots 31.738ms
[2025-04-21T15:15:33.227+0000][9.087s] GC(4) Concurrent Preclean
[2025-04-21T15:15:33.230+0000][9.090s] GC(4) Concurrent Preclean 2.947ms
[2025-04-21T15:15:33.234+0000][9.094s] GC(4) Pause Remark
[2025-04-21T15:15:33.243+0000][9.103s] GC(4) Pause Remark 24M->24M(512M) 9.009ms
[2025-04-21T15:15:33.250+0000][9.109s] GC(4) User=0.01s Sys=0.00s Real=0.02s
[2025-04-21T15:15:33.255+0000][9.115s] GC(4) Concurrent Mark 66.521ms
[2025-04-21T15:15:33.256+0000][9.116s] GC(4) Concurrent Rebuild Remembered Sets
[2025-04-21T15:15:33.263+0000][9.123s] GC(4) Concurrent Rebuild Remembered Sets 7.481ms
[2025-04-21T15:15:33.264+0000][9.124s] GC(4) Pause Cleanup
[2025-04-21T15:15:33.265+0000][9.125s] GC(4) Pause Cleanup 24M->24M(512M) 1.216ms
[2025-04-21T15:15:33.266+0000][9.125s] GC(4) User=0.00s Sys=0.00s Real=0.00s
[2025-04-21T15:15:33.266+0000][9.126s] GC(4) Concurrent Cleanup for Next Mark
[2025-04-21T15:15:33.272+0000][9.132s] GC(4) Concurrent Cleanup for Next Mark 5.668ms
[2025-04-21T15:15:33.272+0000][9.132s] GC(4) Concurrent Mark Cycle 108.414ms
[2025-04-21T15:15:38.347+0000][14.207s] GC(5) Pause Young (Concurrent Start) (Metadata GC Threshold)
[2025-04-21T15:15:38.348+0000][14.207s] GC(5) Using 10 workers of 10 for evacuation
[2025-04-21T15:15:38.408+0000][14.268s] GC(5)   Pre Evacuate Collection Set: 0.4ms
[2025-04-21T15:15:38.409+0000][14.269s] GC(5)   Merge Heap Roots: 0.1ms
[2025-04-21T15:15:38.410+0000][14.270s] GC(5)   Evacuate Collection Set: 43.2ms
[2025-04-21T15:15:38.411+0000][14.271s] GC(5)   Post Evacuate Collection Set: 16.4ms
[2025-04-21T15:15:38.413+0000][14.273s] GC(5)   Other: 1.4ms
[2025-04-21T15:15:38.414+0000][14.274s] GC(5) Eden regions: 104->0(296)
[2025-04-21T15:15:38.414+0000][14.274s] GC(5) Survivor regions: 6->11(39)
[2025-04-21T15:15:38.414+0000][14.274s] GC(5) Old regions: 14->14
[2025-04-21T15:15:38.414+0000][14.274s] GC(5) Archive regions: 2->2
[2025-04-21T15:15:38.415+0000][14.275s] GC(5) Humongous regions: 4->4
[2025-04-21T15:15:38.415+0000][14.275s] GC(5) Metaspace: 35791K(36160K)->35791K(36160K) NonClass: 31308K(31488K)->31308K(31488K) Class: 4483K(4672K)->4483K(4672K)
[2025-04-21T15:15:38.416+0000][14.276s] GC(5) Pause Young (Concurrent Start) (Metadata GC Threshold) 127M->29M(512M) 68.781ms
[2025-04-21T15:15:38.416+0000][14.276s] GC(5) User=0.14s Sys=0.02s Real=0.07s
[2025-04-21T15:15:38.416+0000][14.276s] GC(6) Concurrent Mark Cycle
[2025-04-21T15:15:38.417+0000][14.277s] GC(6) Concurrent Clear Claimed Marks
[2025-04-21T15:15:38.420+0000][14.280s] GC(6) Concurrent Clear Claimed Marks 3.011ms
[2025-04-21T15:15:38.421+0000][14.281s] GC(6) Concurrent Scan Root Regions
[2025-04-21T15:15:38.424+0000][14.284s] GC(6) Concurrent Scan Root Regions 3.096ms
[2025-04-21T15:15:38.425+0000][14.285s] GC(6) Concurrent Mark
[2025-04-21T15:15:38.426+0000][14.286s] GC(6) Concurrent Mark From Roots
[2025-04-21T15:15:38.427+0000][14.287s] GC(6) Using 3 workers of 3 for marking
[2025-04-21T15:15:38.445+0000][14.305s] GC(6) Concurrent Mark From Roots 19.089ms
[2025-04-21T15:15:38.446+0000][14.306s] GC(6) Concurrent Preclean
[2025-04-21T15:15:38.447+0000][14.307s] GC(6) Concurrent Preclean 1.692ms
[2025-04-21T15:15:38.449+0000][14.309s] GC(6) Pause Remark
[2025-04-21T15:15:38.454+0000][14.314s] GC(6) Pause Remark 30M->30M(512M) 5.185ms
[2025-04-21T15:15:38.455+0000][14.315s] GC(6) User=0.02s Sys=0.00s Real=0.01s
[2025-04-21T15:15:38.458+0000][14.318s] GC(6) Concurrent Mark 32.442ms
[2025-04-21T15:15:38.460+0000][14.319s] GC(6) Concurrent Rebuild Remembered Sets
[2025-04-21T15:15:38.466+0000][14.326s] GC(6) Concurrent Rebuild Remembered Sets 6.870ms
[2025-04-21T15:15:38.468+0000][14.327s] GC(6) Pause Cleanup
[2025-04-21T15:15:38.468+0000][14.328s] GC(6) Pause Cleanup 30M->30M(512M) 0.722ms
[2025-04-21T15:15:38.469+0000][14.329s] GC(6) User=0.00s Sys=0.00s Real=0.00s
[2025-04-21T15:15:38.470+0000][14.329s] GC(6) Concurrent Cleanup for Next Mark
[2025-04-21T15:15:38.508+0000][14.367s] GC(6) Concurrent Cleanup for Next Mark 37.894ms
[2025-04-21T15:15:38.508+0000][14.368s] GC(6) Concurrent Mark Cycle 91.599ms
[2025-04-21T15:56:35.351+0000][2471.518s] Heap
[2025-04-21T15:56:35.352+0000][2471.520s]  garbage-first heap   total 524288K, used 272475K [0x00000000e0000000, 0x0000000100000000)
[2025-04-21T15:56:35.352+0000][2471.520s]   region size 1024K, 248 young (253952K), 11 survivors (11264K)
[2025-04-21T15:56:35.353+0000][2471.520s]  Metaspace       used 57304K, committed 57856K, reserved 1114112K
[2025-04-21T15:56:35.353+0000][2471.520s]   class space    used 7407K, committed 7680K, reserved 1048576K
