[2025-04-21T15:57:26.611+0000][0.213s] Using G1
[2025-04-21T15:57:27.131+0000][0.733s] Version: 17.0.14+7 (release)
[2025-04-21T15:57:27.132+0000][0.734s] CPUs: 12 total, 12 available
[2025-04-21T15:57:27.133+0000][0.734s] Memory: 3845M
[2025-04-21T15:57:27.133+0000][0.735s] Large Page Support: Disabled
[2025-04-21T15:57:27.133+0000][0.735s] NUMA Support: Disabled
[2025-04-21T15:57:27.133+0000][0.735s] Compressed Oops: Enabled (32-bit)
[2025-04-21T15:57:27.133+0000][0.735s] Heap Region Size: 1M
[2025-04-21T15:57:27.133+0000][0.735s] Heap Min Capacity: 512M
[2025-04-21T15:57:27.134+0000][0.735s] Heap Initial Capacity: 512M
[2025-04-21T15:57:27.134+0000][0.736s] Heap Max Capacity: 512M
[2025-04-21T15:57:27.134+0000][0.736s] Pre-touch: Enabled
[2025-04-21T15:57:27.134+0000][0.736s] Parallel Workers: 10
[2025-04-21T15:57:27.135+0000][0.736s] Concurrent Workers: 3
[2025-04-21T15:57:27.135+0000][0.737s] Concurrent Refinement Workers: 10
[2025-04-21T15:57:27.135+0000][0.737s] Periodic GC: Disabled
[2025-04-21T15:57:27.289+0000][0.891s] CDS archive(s) mapped at: [0x00007fd153000000-0x00007fd153a62000-0x00007fd153a62000), size 10887168, SharedBaseAddress: 0x00007fd153000000, ArchiveRelocationMode: 1.
[2025-04-21T15:57:27.290+0000][0.892s] Compressed class space mapped at: 0x00007fd154000000-0x00007fd194000000, reserved size: 1073741824
[2025-04-21T15:57:27.290+0000][0.892s] Narrow klass base: 0x00007fd153000000, Narrow klass shift: 0, Narrow klass range: 0x100000000
[2025-04-21T15:57:31.541+0000][5.143s] GC(0) Pause Young (Normal) (G1 Evacuation Pause)
[2025-04-21T15:57:31.542+0000][5.144s] GC(0) Using 10 workers of 10 for evacuation
[2025-04-21T15:57:31.558+0000][5.160s] GC(0)   Pre Evacuate Collection Set: 1.5ms
[2025-04-21T15:57:31.558+0000][5.160s] GC(0)   Merge Heap Roots: 0.4ms
[2025-04-21T15:57:31.558+0000][5.160s] GC(0)   Evacuate Collection Set: 6.9ms
[2025-04-21T15:57:31.559+0000][5.160s] GC(0)   Post Evacuate Collection Set: 5.0ms
[2025-04-21T15:57:31.559+0000][5.161s] GC(0)   Other: 3.0ms
[2025-04-21T15:57:31.559+0000][5.161s] GC(0) Eden regions: 29->0(57)
[2025-04-21T15:57:31.559+0000][5.161s] GC(0) Survivor regions: 0->4(4)
[2025-04-21T15:57:31.559+0000][5.161s] GC(0) Old regions: 0->0
[2025-04-21T15:57:31.560+0000][5.161s] GC(0) Archive regions: 2->2
[2025-04-21T15:57:31.560+0000][5.162s] GC(0) Humongous regions: 0->0
[2025-04-21T15:57:31.560+0000][5.162s] GC(0) Metaspace: 9694K(9984K)->9694K(9984K) NonClass: 8502K(8640K)->8502K(8640K) Class: 1191K(1344K)->1191K(1344K)
[2025-04-21T15:57:31.561+0000][5.163s] GC(0) Pause Young (Normal) (G1 Evacuation Pause) 29M->4M(512M) 19.678ms
[2025-04-21T15:57:31.561+0000][5.163s] GC(0) User=0.06s Sys=0.01s Real=0.02s
[2025-04-21T15:57:35.151+0000][8.753s] GC(1) Pause Young (Normal) (G1 Evacuation Pause)
[2025-04-21T15:57:35.152+0000][8.754s] GC(1) Using 10 workers of 10 for evacuation
[2025-04-21T15:57:35.199+0000][8.801s] GC(1)   Pre Evacuate Collection Set: 0.4ms
[2025-04-21T15:57:35.200+0000][8.802s] GC(1)   Merge Heap Roots: 0.2ms
[2025-04-21T15:57:35.200+0000][8.802s] GC(1)   Evacuate Collection Set: 38.8ms
[2025-04-21T15:57:35.200+0000][8.802s] GC(1)   Post Evacuate Collection Set: 3.0ms
[2025-04-21T15:57:35.201+0000][8.803s] GC(1)   Other: 5.9ms
[2025-04-21T15:57:35.201+0000][8.803s] GC(1) Eden regions: 57->0(70)
[2025-04-21T15:57:35.201+0000][8.803s] GC(1) Survivor regions: 4->8(8)
[2025-04-21T15:57:35.201+0000][8.803s] GC(1) Old regions: 0->6
[2025-04-21T15:57:35.202+0000][8.803s] GC(1) Archive regions: 2->2
[2025-04-21T15:57:35.202+0000][8.804s] GC(1) Humongous regions: 4->4
[2025-04-21T15:57:35.202+0000][8.804s] GC(1) Metaspace: 17828K(18176K)->17828K(18176K) NonClass: 15633K(15808K)->15633K(15808K) Class: 2194K(2368K)->2194K(2368K)
[2025-04-21T15:57:35.202+0000][8.804s] GC(1) Pause Young (Normal) (G1 Evacuation Pause) 65M->18M(512M) 51.659ms
[2025-04-21T15:57:35.203+0000][8.804s] GC(1) User=0.17s Sys=0.04s Real=0.05s
[2025-04-21T15:57:35.935+0000][9.536s] GC(2) Pause Young (Normal) (G1 Evacuation Pause)
[2025-04-21T15:57:35.935+0000][9.537s] GC(2) Using 10 workers of 10 for evacuation
[2025-04-21T15:57:35.962+0000][9.564s] GC(2)   Pre Evacuate Collection Set: 0.2ms
[2025-04-21T15:57:35.963+0000][9.565s] GC(2)   Merge Heap Roots: 0.1ms
[2025-04-21T15:57:35.964+0000][9.565s] GC(2)   Evacuate Collection Set: 24.1ms
[2025-04-21T15:57:35.971+0000][9.573s] GC(2)   Post Evacuate Collection Set: 1.9ms
[2025-04-21T15:57:35.972+0000][9.573s] GC(2)   Other: 0.9ms
[2025-04-21T15:57:35.974+0000][9.576s] GC(2) Eden regions: 63->0(302)
[2025-04-21T15:57:35.975+0000][9.576s] GC(2) Survivor regions: 8->5(9)
[2025-04-21T15:57:35.975+0000][9.577s] GC(2) Old regions: 6->14
[2025-04-21T15:57:35.975+0000][9.577s] GC(2) Archive regions: 2->2
[2025-04-21T15:57:35.975+0000][9.577s] GC(2) Humongous regions: 4->4
[2025-04-21T15:57:35.975+0000][9.577s] GC(2) Metaspace: 17975K(18304K)->17975K(18304K) NonClass: 15777K(15936K)->15777K(15936K) Class: 2197K(2368K)->2197K(2368K)
[2025-04-21T15:57:35.975+0000][9.577s] GC(2) Pause Young (Normal) (G1 Evacuation Pause) 81M->23M(512M) 40.862ms
[2025-04-21T15:57:35.976+0000][9.578s] GC(2) User=0.08s Sys=0.00s Real=0.04s
[2025-04-21T15:57:37.332+0000][10.933s] GC(3) Pause Young (Concurrent Start) (Metadata GC Threshold)
[2025-04-21T15:57:37.333+0000][10.935s] GC(3) Using 10 workers of 10 for evacuation
[2025-04-21T15:57:37.344+0000][10.946s] GC(3)   Pre Evacuate Collection Set: 0.3ms
[2025-04-21T15:57:37.345+0000][10.946s] GC(3)   Merge Heap Roots: 0.2ms
[2025-04-21T15:57:37.346+0000][10.948s] GC(3)   Evacuate Collection Set: 5.5ms
[2025-04-21T15:57:37.347+0000][10.949s] GC(3)   Post Evacuate Collection Set: 1.1ms
[2025-04-21T15:57:37.347+0000][10.949s] GC(3)   Other: 5.3ms
[2025-04-21T15:57:37.348+0000][10.949s] GC(3) Eden regions: 38->0(302)
[2025-04-21T15:57:37.348+0000][10.950s] GC(3) Survivor regions: 5->5(39)
[2025-04-21T15:57:37.348+0000][10.950s] GC(3) Old regions: 14->14
[2025-04-21T15:57:37.348+0000][10.950s] GC(3) Archive regions: 2->2
[2025-04-21T15:57:37.348+0000][10.950s] GC(3) Humongous regions: 4->4
[2025-04-21T15:57:37.349+0000][10.951s] GC(3) Metaspace: 21116K(21504K)->21116K(21504K) NonClass: 18528K(18688K)->18528K(18688K) Class: 2587K(2816K)->2587K(2816K)
[2025-04-21T15:57:37.349+0000][10.951s] GC(3) Pause Young (Concurrent Start) (Metadata GC Threshold) 61M->23M(512M) 17.653ms
[2025-04-21T15:57:37.349+0000][10.951s] GC(3) User=0.01s Sys=0.01s Real=0.02s
[2025-04-21T15:57:37.350+0000][10.952s] GC(4) Concurrent Mark Cycle
[2025-04-21T15:57:37.351+0000][10.953s] GC(4) Concurrent Clear Claimed Marks
[2025-04-21T15:57:37.352+0000][10.954s] GC(4) Concurrent Clear Claimed Marks 1.443ms
[2025-04-21T15:57:37.355+0000][10.957s] GC(4) Concurrent Scan Root Regions
[2025-04-21T15:57:37.377+0000][10.979s] GC(4) Concurrent Scan Root Regions 21.987ms
[2025-04-21T15:57:37.381+0000][10.983s] GC(4) Concurrent Mark
[2025-04-21T15:57:37.382+0000][10.984s] GC(4) Concurrent Mark From Roots
[2025-04-21T15:57:37.382+0000][10.984s] GC(4) Using 3 workers of 3 for marking
[2025-04-21T15:57:37.407+0000][11.009s] GC(4) Concurrent Mark From Roots 25.063ms
[2025-04-21T15:57:37.408+0000][11.010s] GC(4) Concurrent Preclean
[2025-04-21T15:57:37.409+0000][11.011s] GC(4) Concurrent Preclean 0.858ms
[2025-04-21T15:57:37.411+0000][11.013s] GC(4) Pause Remark
[2025-04-21T15:57:37.426+0000][11.028s] GC(4) Pause Remark 24M->24M(512M) 15.540ms
[2025-04-21T15:57:37.428+0000][11.029s] GC(4) User=0.01s Sys=0.00s Real=0.02s
[2025-04-21T15:57:37.428+0000][11.030s] GC(4) Concurrent Mark 46.660ms
[2025-04-21T15:57:37.428+0000][11.030s] GC(4) Concurrent Rebuild Remembered Sets
[2025-04-21T15:57:37.435+0000][11.037s] GC(4) Concurrent Rebuild Remembered Sets 6.525ms
[2025-04-21T15:57:37.436+0000][11.038s] GC(4) Pause Cleanup
[2025-04-21T15:57:37.437+0000][11.039s] GC(4) Pause Cleanup 24M->24M(512M) 0.939ms
[2025-04-21T15:57:37.437+0000][11.039s] GC(4) User=0.00s Sys=0.00s Real=0.00s
[2025-04-21T15:57:37.438+0000][11.040s] GC(4) Concurrent Cleanup for Next Mark
[2025-04-21T15:57:37.451+0000][11.053s] GC(4) Concurrent Cleanup for Next Mark 12.897ms
[2025-04-21T15:57:37.453+0000][11.055s] GC(4) Concurrent Mark Cycle 102.724ms
[2025-04-21T15:57:43.210+0000][16.811s] GC(5) Pause Young (Concurrent Start) (Metadata GC Threshold)
[2025-04-21T15:57:43.211+0000][16.813s] GC(5) Using 10 workers of 10 for evacuation
[2025-04-21T15:57:43.260+0000][16.862s] GC(5)   Pre Evacuate Collection Set: 1.0ms
[2025-04-21T15:57:43.261+0000][16.862s] GC(5)   Merge Heap Roots: 0.2ms
[2025-04-21T15:57:43.261+0000][16.863s] GC(5)   Evacuate Collection Set: 43.2ms
[2025-04-21T15:57:43.261+0000][16.863s] GC(5)   Post Evacuate Collection Set: 4.0ms
[2025-04-21T15:57:43.262+0000][16.863s] GC(5)   Other: 2.1ms
[2025-04-21T15:57:43.262+0000][16.864s] GC(5) Eden regions: 102->0(296)
[2025-04-21T15:57:43.262+0000][16.864s] GC(5) Survivor regions: 5->11(39)
[2025-04-21T15:57:43.262+0000][16.864s] GC(5) Old regions: 14->14
[2025-04-21T15:57:43.262+0000][16.864s] GC(5) Archive regions: 2->2
[2025-04-21T15:57:43.263+0000][16.864s] GC(5) Humongous regions: 4->4
[2025-04-21T15:57:43.263+0000][16.865s] GC(5) Metaspace: 35739K(36096K)->35739K(36096K) NonClass: 31272K(31424K)->31272K(31424K) Class: 4467K(4672K)->4467K(4672K)
[2025-04-21T15:57:43.263+0000][16.865s] GC(5) Pause Young (Concurrent Start) (Metadata GC Threshold) 125M->29M(512M) 53.619ms
[2025-04-21T15:57:43.264+0000][16.865s] GC(5) User=0.10s Sys=0.02s Real=0.05s
[2025-04-21T15:57:43.264+0000][16.866s] GC(6) Concurrent Mark Cycle
[2025-04-21T15:57:43.264+0000][16.866s] GC(6) Concurrent Clear Claimed Marks
[2025-04-21T15:57:43.265+0000][16.866s] GC(6) Concurrent Clear Claimed Marks 0.256ms
[2025-04-21T15:57:43.265+0000][16.866s] GC(6) Concurrent Scan Root Regions
[2025-04-21T15:57:43.269+0000][16.871s] GC(6) Concurrent Scan Root Regions 4.484ms
[2025-04-21T15:57:43.270+0000][16.872s] GC(6) Concurrent Mark
[2025-04-21T15:57:43.270+0000][16.872s] GC(6) Concurrent Mark From Roots
[2025-04-21T15:57:43.271+0000][16.872s] GC(6) Using 3 workers of 3 for marking
[2025-04-21T15:57:43.293+0000][16.894s] GC(6) Concurrent Mark From Roots 22.254ms
[2025-04-21T15:57:43.293+0000][16.895s] GC(6) Concurrent Preclean
[2025-04-21T15:57:43.294+0000][16.896s] GC(6) Concurrent Preclean 0.561ms
[2025-04-21T15:57:43.295+0000][16.897s] GC(6) Pause Remark
[2025-04-21T15:57:43.303+0000][16.904s] GC(6) Pause Remark 30M->30M(512M) 7.488ms
[2025-04-21T15:57:43.304+0000][16.905s] GC(6) User=0.01s Sys=0.01s Real=0.00s
[2025-04-21T15:57:43.311+0000][16.912s] GC(6) Concurrent Mark 40.522ms
[2025-04-21T15:57:43.315+0000][16.917s] GC(6) Concurrent Rebuild Remembered Sets
[2025-04-21T15:57:43.326+0000][16.928s] GC(6) Concurrent Rebuild Remembered Sets 10.455ms
[2025-04-21T15:57:43.328+0000][16.929s] GC(6) Pause Cleanup
[2025-04-21T15:57:43.328+0000][16.930s] GC(6) Pause Cleanup 31M->31M(512M) 0.847ms
[2025-04-21T15:57:43.329+0000][16.931s] GC(6) User=0.00s Sys=0.00s Real=0.00s
[2025-04-21T15:57:43.329+0000][16.931s] GC(6) Concurrent Cleanup for Next Mark
[2025-04-21T15:57:43.376+0000][16.977s] GC(6) Concurrent Cleanup for Next Mark 46.506ms
[2025-04-21T15:57:43.377+0000][16.979s] GC(6) Concurrent Mark Cycle 112.803ms
[2025-04-21T16:18:08.777+0000][1242.447s] Heap
[2025-04-21T16:18:08.778+0000][1242.449s]  garbage-first heap   total 524288K, used 267243K [0x00000000e0000000, 0x0000000100000000)
[2025-04-21T16:18:08.779+0000][1242.449s]   region size 1024K, 243 young (248832K), 11 survivors (11264K)
[2025-04-21T16:18:08.779+0000][1242.449s]  Metaspace       used 57179K, committed 57728K, reserved 1114112K
[2025-04-21T16:18:08.779+0000][1242.449s]   class space    used 7405K, committed 7680K, reserved 1048576K
