[2025-04-21T13:41:43.247+0000][0.291s] Using G1
[2025-04-21T13:41:43.903+0000][0.948s] Version: 17.0.14+7 (release)
[2025-04-21T13:41:43.904+0000][0.948s] CPUs: 12 total, 12 available
[2025-04-21T13:41:43.904+0000][0.948s] Memory: 3845M
[2025-04-21T13:41:43.904+0000][0.949s] Large Page Support: Disabled
[2025-04-21T13:41:43.905+0000][0.949s] NUMA Support: Disabled
[2025-04-21T13:41:43.906+0000][0.950s] Compressed Oops: Enabled (32-bit)
[2025-04-21T13:41:43.906+0000][0.950s] Heap Region Size: 1M
[2025-04-21T13:41:43.906+0000][0.951s] Heap Min Capacity: 512M
[2025-04-21T13:41:43.907+0000][0.951s] Heap Initial Capacity: 512M
[2025-04-21T13:41:43.909+0000][0.954s] Heap Max Capacity: 512M
[2025-04-21T13:41:43.910+0000][0.954s] Pre-touch: Enabled
[2025-04-21T13:41:43.910+0000][0.954s] Parallel Workers: 10
[2025-04-21T13:41:43.910+0000][0.955s] Concurrent Workers: 3
[2025-04-21T13:41:43.911+0000][0.955s] Concurrent Refinement Workers: 10
[2025-04-21T13:41:43.911+0000][0.955s] Periodic GC: Disabled
[2025-04-21T13:41:43.988+0000][1.033s] CDS archive(s) mapped at: [0x00007fee43000000-0x00007fee43a62000-0x00007fee43a62000), size 10887168, SharedBaseAddress: 0x00007fee43000000, ArchiveRelocationMode: 1.
[2025-04-21T13:41:43.991+0000][1.036s] Compressed class space mapped at: 0x00007fee44000000-0x00007fee84000000, reserved size: 1073741824
[2025-04-21T13:41:43.992+0000][1.036s] Narrow klass base: 0x00007fee43000000, Narrow klass shift: 0, Narrow klass range: 0x100000000
[2025-04-21T13:41:48.359+0000][5.403s] GC(0) Pause Young (Normal) (G1 Evacuation Pause)
[2025-04-21T13:41:48.360+0000][5.405s] GC(0) Using 10 workers of 10 for evacuation
[2025-04-21T13:41:48.400+0000][5.444s] GC(0)   Pre Evacuate Collection Set: 2.6ms
[2025-04-21T13:41:48.401+0000][5.445s] GC(0)   Merge Heap Roots: 1.3ms
[2025-04-21T13:41:48.401+0000][5.445s] GC(0)   Evacuate Collection Set: 21.7ms
[2025-04-21T13:41:48.401+0000][5.445s] GC(0)   Post Evacuate Collection Set: 7.1ms
[2025-04-21T13:41:48.402+0000][5.446s] GC(0)   Other: 8.0ms
[2025-04-21T13:41:48.403+0000][5.447s] GC(0) Eden regions: 29->0(55)
[2025-04-21T13:41:48.404+0000][5.449s] GC(0) Survivor regions: 0->4(4)
[2025-04-21T13:41:48.405+0000][5.450s] GC(0) Old regions: 0->0
[2025-04-21T13:41:48.406+0000][5.450s] GC(0) Archive regions: 2->2
[2025-04-21T13:41:48.406+0000][5.450s] GC(0) Humongous regions: 0->0
[2025-04-21T13:41:48.406+0000][5.451s] GC(0) Metaspace: 9648K(9920K)->9648K(9920K) NonClass: 8458K(8576K)->8458K(8576K) Class: 1190K(1344K)->1190K(1344K)
[2025-04-21T13:41:48.408+0000][5.452s] GC(0) Pause Young (Normal) (G1 Evacuation Pause) 29M->4M(512M) 48.323ms
[2025-04-21T13:41:48.408+0000][5.452s] GC(0) User=0.08s Sys=0.02s Real=0.05s
[2025-04-21T13:41:51.655+0000][8.700s] GC(1) Pause Young (Normal) (G1 Evacuation Pause)
[2025-04-21T13:41:51.656+0000][8.700s] GC(1) Using 10 workers of 10 for evacuation
[2025-04-21T13:41:51.668+0000][8.713s] GC(1)   Pre Evacuate Collection Set: 0.2ms
[2025-04-21T13:41:51.669+0000][8.713s] GC(1)   Merge Heap Roots: 0.1ms
[2025-04-21T13:41:51.669+0000][8.713s] GC(1)   Evacuate Collection Set: 11.0ms
[2025-04-21T13:41:51.669+0000][8.713s] GC(1)   Post Evacuate Collection Set: 0.9ms
[2025-04-21T13:41:51.669+0000][8.713s] GC(1)   Other: 0.6ms
[2025-04-21T13:41:51.669+0000][8.714s] GC(1) Eden regions: 55->0(69)
[2025-04-21T13:41:51.669+0000][8.714s] GC(1) Survivor regions: 4->8(8)
[2025-04-21T13:41:51.670+0000][8.714s] GC(1) Old regions: 0->6
[2025-04-21T13:41:51.670+0000][8.714s] GC(1) Archive regions: 2->2
[2025-04-21T13:41:51.670+0000][8.714s] GC(1) Humongous regions: 4->4
[2025-04-21T13:41:51.670+0000][8.714s] GC(1) Metaspace: 17796K(18112K)->17796K(18112K) NonClass: 15601K(15744K)->15601K(15744K) Class: 2194K(2368K)->2194K(2368K)
[2025-04-21T13:41:51.670+0000][8.715s] GC(1) Pause Young (Normal) (G1 Evacuation Pause) 63M->18M(512M) 14.963ms
[2025-04-21T13:41:51.671+0000][8.715s] GC(1) User=0.10s Sys=0.01s Real=0.01s
[2025-04-21T13:41:52.054+0000][9.098s] GC(2) Pause Young (Normal) (G1 Evacuation Pause)
[2025-04-21T13:41:52.054+0000][9.098s] GC(2) Using 10 workers of 10 for evacuation
[2025-04-21T13:41:52.067+0000][9.111s] GC(2)   Pre Evacuate Collection Set: 0.2ms
[2025-04-21T13:41:52.067+0000][9.112s] GC(2)   Merge Heap Roots: 0.2ms
[2025-04-21T13:41:52.068+0000][9.112s] GC(2)   Evacuate Collection Set: 10.8ms
[2025-04-21T13:41:52.068+0000][9.112s] GC(2)   Post Evacuate Collection Set: 1.3ms
[2025-04-21T13:41:52.068+0000][9.113s] GC(2)   Other: 0.8ms
[2025-04-21T13:41:52.068+0000][9.113s] GC(2) Eden regions: 64->0(302)
[2025-04-21T13:41:52.069+0000][9.113s] GC(2) Survivor regions: 8->5(9)
[2025-04-21T13:41:52.069+0000][9.113s] GC(2) Old regions: 6->14
[2025-04-21T13:41:52.069+0000][9.113s] GC(2) Archive regions: 2->2
[2025-04-21T13:41:52.069+0000][9.114s] GC(2) Humongous regions: 4->4
[2025-04-21T13:41:52.069+0000][9.114s] GC(2) Metaspace: 17936K(18240K)->17936K(18240K) NonClass: 15739K(15872K)->15739K(15872K) Class: 2197K(2368K)->2197K(2368K)
[2025-04-21T13:41:52.070+0000][9.114s] GC(2) Pause Young (Normal) (G1 Evacuation Pause) 82M->23M(512M) 15.968ms
[2025-04-21T13:41:52.070+0000][9.114s] GC(2) User=0.08s Sys=0.00s Real=0.01s
[2025-04-21T13:41:52.952+0000][9.996s] GC(3) Pause Young (Concurrent Start) (Metadata GC Threshold)
[2025-04-21T13:41:52.952+0000][9.996s] GC(3) Using 10 workers of 10 for evacuation
[2025-04-21T13:41:52.956+0000][10.001s] GC(3)   Pre Evacuate Collection Set: 0.2ms
[2025-04-21T13:41:52.957+0000][10.001s] GC(3)   Merge Heap Roots: 0.2ms
[2025-04-21T13:41:52.957+0000][10.001s] GC(3)   Evacuate Collection Set: 2.3ms
[2025-04-21T13:41:52.957+0000][10.001s] GC(3)   Post Evacuate Collection Set: 0.9ms
[2025-04-21T13:41:52.957+0000][10.002s] GC(3)   Other: 1.1ms
[2025-04-21T13:41:52.958+0000][10.002s] GC(3) Eden regions: 40->0(302)
[2025-04-21T13:41:52.958+0000][10.002s] GC(3) Survivor regions: 5->5(39)
[2025-04-21T13:41:52.958+0000][10.002s] GC(3) Old regions: 14->14
[2025-04-21T13:41:52.958+0000][10.002s] GC(3) Archive regions: 2->2
[2025-04-21T13:41:52.958+0000][10.003s] GC(3) Humongous regions: 4->4
[2025-04-21T13:41:52.959+0000][10.003s] GC(3) Metaspace: 21170K(21504K)->21170K(21504K) NonClass: 18571K(18688K)->18571K(18688K) Class: 2598K(2816K)->2598K(2816K)
[2025-04-21T13:41:52.959+0000][10.003s] GC(3) Pause Young (Concurrent Start) (Metadata GC Threshold) 63M->23M(512M) 7.023ms
[2025-04-21T13:41:52.959+0000][10.003s] GC(3) User=0.02s Sys=0.01s Real=0.01s
[2025-04-21T13:41:52.959+0000][10.004s] GC(4) Concurrent Mark Cycle
[2025-04-21T13:41:52.960+0000][10.004s] GC(4) Concurrent Clear Claimed Marks
[2025-04-21T13:41:52.960+0000][10.004s] GC(4) Concurrent Clear Claimed Marks 0.300ms
[2025-04-21T13:41:52.960+0000][10.004s] GC(4) Concurrent Scan Root Regions
[2025-04-21T13:41:52.962+0000][10.006s] GC(4) Concurrent Scan Root Regions 1.569ms
[2025-04-21T13:41:52.962+0000][10.006s] GC(4) Concurrent Mark
[2025-04-21T13:41:52.963+0000][10.007s] GC(4) Concurrent Mark From Roots
[2025-04-21T13:41:52.963+0000][10.008s] GC(4) Using 3 workers of 3 for marking
[2025-04-21T13:41:52.975+0000][10.019s] GC(4) Concurrent Mark From Roots 11.823ms
[2025-04-21T13:41:52.975+0000][10.020s] GC(4) Concurrent Preclean
[2025-04-21T13:41:52.976+0000][10.021s] GC(4) Concurrent Preclean 0.909ms
[2025-04-21T13:41:52.977+0000][10.021s] GC(4) Pause Remark
[2025-04-21T13:41:52.980+0000][10.024s] GC(4) Pause Remark 24M->24M(512M) 3.461ms
[2025-04-21T13:41:52.980+0000][10.025s] GC(4) User=0.01s Sys=0.00s Real=0.00s
[2025-04-21T13:41:52.981+0000][10.025s] GC(4) Concurrent Mark 18.617ms
[2025-04-21T13:41:52.981+0000][10.025s] GC(4) Concurrent Rebuild Remembered Sets
[2025-04-21T13:41:52.984+0000][10.029s] GC(4) Concurrent Rebuild Remembered Sets 3.587ms
[2025-04-21T13:41:52.985+0000][10.029s] GC(4) Pause Cleanup
[2025-04-21T13:41:52.986+0000][10.030s] GC(4) Pause Cleanup 25M->25M(512M) 0.736ms
[2025-04-21T13:41:52.986+0000][10.030s] GC(4) User=0.00s Sys=0.00s Real=0.00s
[2025-04-21T13:41:52.986+0000][10.031s] GC(4) Concurrent Cleanup for Next Mark
[2025-04-21T13:41:52.989+0000][10.033s] GC(4) Concurrent Cleanup for Next Mark 2.833ms
[2025-04-21T13:41:52.990+0000][10.034s] GC(4) Concurrent Mark Cycle 30.240ms
[2025-04-21T13:41:55.720+0000][12.764s] GC(5) Pause Young (Concurrent Start) (Metadata GC Threshold)
[2025-04-21T13:41:55.721+0000][12.765s] GC(5) Using 10 workers of 10 for evacuation
[2025-04-21T13:41:55.743+0000][12.787s] GC(5)   Pre Evacuate Collection Set: 0.4ms
[2025-04-21T13:41:55.743+0000][12.787s] GC(5)   Merge Heap Roots: 0.2ms
[2025-04-21T13:41:55.743+0000][12.787s] GC(5)   Evacuate Collection Set: 17.2ms
[2025-04-21T13:41:55.743+0000][12.788s] GC(5)   Post Evacuate Collection Set: 3.7ms
[2025-04-21T13:41:55.744+0000][12.788s] GC(5)   Other: 1.2ms
[2025-04-21T13:41:55.744+0000][12.788s] GC(5) Eden regions: 101->0(296)
[2025-04-21T13:41:55.744+0000][12.789s] GC(5) Survivor regions: 5->11(39)
[2025-04-21T13:41:55.745+0000][12.789s] GC(5) Old regions: 14->14
[2025-04-21T13:41:55.745+0000][12.789s] GC(5) Archive regions: 2->2
[2025-04-21T13:41:55.745+0000][12.789s] GC(5) Humongous regions: 4->4
[2025-04-21T13:41:55.745+0000][12.789s] GC(5) Metaspace: 35730K(36096K)->35730K(36096K) NonClass: 31253K(31424K)->31253K(31424K) Class: 4477K(4672K)->4477K(4672K)
[2025-04-21T13:41:55.746+0000][12.790s] GC(5) Pause Young (Concurrent Start) (Metadata GC Threshold) 124M->29M(512M) 26.121ms
[2025-04-21T13:41:55.746+0000][12.791s] GC(5) User=0.18s Sys=0.01s Real=0.03s
[2025-04-21T13:41:55.747+0000][12.791s] GC(6) Concurrent Mark Cycle
[2025-04-21T13:41:55.747+0000][12.791s] GC(6) Concurrent Clear Claimed Marks
[2025-04-21T13:41:55.747+0000][12.791s] GC(6) Concurrent Clear Claimed Marks 0.195ms
[2025-04-21T13:41:55.747+0000][12.792s] GC(6) Concurrent Scan Root Regions
[2025-04-21T13:41:55.750+0000][12.794s] GC(6) Concurrent Scan Root Regions 2.530ms
[2025-04-21T13:41:55.750+0000][12.795s] GC(6) Concurrent Mark
[2025-04-21T13:41:55.751+0000][12.795s] GC(6) Concurrent Mark From Roots
[2025-04-21T13:41:55.751+0000][12.795s] GC(6) Using 3 workers of 3 for marking
[2025-04-21T13:41:55.766+0000][12.810s] GC(6) Concurrent Mark From Roots 15.200ms
[2025-04-21T13:41:55.766+0000][12.811s] GC(6) Concurrent Preclean
[2025-04-21T13:41:55.768+0000][12.812s] GC(6) Concurrent Preclean 1.270ms
[2025-04-21T13:41:55.769+0000][12.813s] GC(6) Pause Remark
[2025-04-21T13:41:55.775+0000][12.819s] GC(6) Pause Remark 30M->30M(512M) 6.022ms
[2025-04-21T13:41:55.775+0000][12.819s] GC(6) User=0.02s Sys=0.01s Real=0.01s
[2025-04-21T13:41:55.775+0000][12.820s] GC(6) Concurrent Mark 24.865ms
[2025-04-21T13:41:55.776+0000][12.820s] GC(6) Concurrent Rebuild Remembered Sets
[2025-04-21T13:41:55.780+0000][12.824s] GC(6) Concurrent Rebuild Remembered Sets 4.063ms
[2025-04-21T13:41:55.781+0000][12.826s] GC(6) Pause Cleanup
[2025-04-21T13:41:55.782+0000][12.826s] GC(6) Pause Cleanup 30M->30M(512M) 0.787ms
[2025-04-21T13:41:55.782+0000][12.827s] GC(6) User=0.01s Sys=0.00s Real=0.01s
[2025-04-21T13:41:55.783+0000][12.827s] GC(6) Concurrent Cleanup for Next Mark
[2025-04-21T13:41:55.797+0000][12.842s] GC(6) Concurrent Cleanup for Next Mark 14.537ms
[2025-04-21T13:41:55.798+0000][12.842s] GC(6) Concurrent Mark Cycle 51.020ms
