[2025-04-21T13:43:47.209+0000][0.079s] Using G1
[2025-04-21T13:43:47.525+0000][0.394s] Version: 17.0.14+7 (release)
[2025-04-21T13:43:47.525+0000][0.395s] CPUs: 12 total, 12 available
[2025-04-21T13:43:47.525+0000][0.395s] Memory: 3845M
[2025-04-21T13:43:47.526+0000][0.395s] Large Page Support: Disabled
[2025-04-21T13:43:47.526+0000][0.396s] NUMA Support: Disabled
[2025-04-21T13:43:47.526+0000][0.396s] Compressed Oops: Enabled (32-bit)
[2025-04-21T13:43:47.527+0000][0.397s] Heap Region Size: 1M
[2025-04-21T13:43:47.527+0000][0.397s] Heap Min Capacity: 512M
[2025-04-21T13:43:47.528+0000][0.397s] Heap Initial Capacity: 512M
[2025-04-21T13:43:47.530+0000][0.399s] Heap Max Capacity: 512M
[2025-04-21T13:43:47.530+0000][0.400s] Pre-touch: Enabled
[2025-04-21T13:43:47.531+0000][0.400s] Parallel Workers: 10
[2025-04-21T13:43:47.531+0000][0.401s] Concurrent Workers: 3
[2025-04-21T13:43:47.531+0000][0.401s] Concurrent Refinement Workers: 10
[2025-04-21T13:43:47.532+0000][0.402s] Periodic GC: Disabled
[2025-04-21T13:43:47.553+0000][0.423s] CDS archive(s) mapped at: [0x00007f3b17000000-0x00007f3b17a62000-0x00007f3b17a62000), size 10887168, SharedBaseAddress: 0x00007f3b17000000, ArchiveRelocationMode: 1.
[2025-04-21T13:43:47.554+0000][0.423s] Compressed class space mapped at: 0x00007f3b18000000-0x00007f3b58000000, reserved size: 1073741824
[2025-04-21T13:43:47.554+0000][0.424s] Narrow klass base: 0x00007f3b17000000, Narrow klass shift: 0, Narrow klass range: 0x100000000
[2025-04-21T13:43:51.143+0000][4.012s] GC(0) Pause Young (Normal) (G1 Evacuation Pause)
[2025-04-21T13:43:51.144+0000][4.014s] GC(0) Using 10 workers of 10 for evacuation
[2025-04-21T13:43:51.185+0000][4.054s] GC(0)   Pre Evacuate Collection Set: 6.7ms
[2025-04-21T13:43:51.185+0000][4.055s] GC(0)   Merge Heap Roots: 1.0ms
[2025-04-21T13:43:51.188+0000][4.058s] GC(0)   Evacuate Collection Set: 18.7ms
[2025-04-21T13:43:51.189+0000][4.058s] GC(0)   Post Evacuate Collection Set: 6.6ms
[2025-04-21T13:43:51.189+0000][4.059s] GC(0)   Other: 10.4ms
[2025-04-21T13:43:51.189+0000][4.059s] GC(0) Eden regions: 29->0(57)
[2025-04-21T13:43:51.189+0000][4.059s] GC(0) Survivor regions: 0->4(4)
[2025-04-21T13:43:51.190+0000][4.060s] GC(0) Old regions: 0->0
[2025-04-21T13:43:51.191+0000][4.060s] GC(0) Archive regions: 2->2
[2025-04-21T13:43:51.191+0000][4.061s] GC(0) Humongous regions: 0->0
[2025-04-21T13:43:51.191+0000][4.061s] GC(0) Metaspace: 9612K(9920K)->9612K(9920K) NonClass: 8422K(8576K)->8422K(8576K) Class: 1190K(1344K)->1190K(1344K)
[2025-04-21T13:43:51.192+0000][4.061s] GC(0) Pause Young (Normal) (G1 Evacuation Pause) 29M->4M(512M) 49.207ms
[2025-04-21T13:43:51.192+0000][4.062s] GC(0) User=0.06s Sys=0.01s Real=0.05s
[2025-04-21T13:43:53.847+0000][6.716s] GC(1) Pause Young (Normal) (G1 Evacuation Pause)
[2025-04-21T13:43:53.847+0000][6.717s] GC(1) Using 10 workers of 10 for evacuation
[2025-04-21T13:43:53.875+0000][6.745s] GC(1)   Pre Evacuate Collection Set: 0.3ms
[2025-04-21T13:43:53.877+0000][6.747s] GC(1)   Merge Heap Roots: 0.1ms
[2025-04-21T13:43:53.878+0000][6.747s] GC(1)   Evacuate Collection Set: 25.2ms
[2025-04-21T13:43:53.878+0000][6.748s] GC(1)   Post Evacuate Collection Set: 2.1ms
[2025-04-21T13:43:53.878+0000][6.748s] GC(1)   Other: 1.1ms
[2025-04-21T13:43:53.878+0000][6.748s] GC(1) Eden regions: 57->0(73)
[2025-04-21T13:43:53.878+0000][6.748s] GC(1) Survivor regions: 4->8(8)
[2025-04-21T13:43:53.879+0000][6.748s] GC(1) Old regions: 0->6
[2025-04-21T13:43:53.881+0000][6.751s] GC(1) Archive regions: 2->2
[2025-04-21T13:43:53.883+0000][6.752s] GC(1) Humongous regions: 4->4
[2025-04-21T13:43:53.884+0000][6.753s] GC(1) Metaspace: 17784K(18112K)->17784K(18112K) NonClass: 15589K(15744K)->15589K(15744K) Class: 2194K(2368K)->2194K(2368K)
[2025-04-21T13:43:53.885+0000][6.755s] GC(1) Pause Young (Normal) (G1 Evacuation Pause) 65M->18M(512M) 38.341ms
[2025-04-21T13:43:53.888+0000][6.758s] GC(1) User=0.14s Sys=0.03s Real=0.04s
[2025-04-21T13:43:54.488+0000][7.358s] GC(2) Pause Young (Normal) (G1 Evacuation Pause)
[2025-04-21T13:43:54.491+0000][7.361s] GC(2) Using 10 workers of 10 for evacuation
[2025-04-21T13:43:54.509+0000][7.378s] GC(2)   Pre Evacuate Collection Set: 0.3ms
[2025-04-21T13:43:54.509+0000][7.379s] GC(2)   Merge Heap Roots: 0.2ms
[2025-04-21T13:43:54.510+0000][7.380s] GC(2)   Evacuate Collection Set: 14.0ms
[2025-04-21T13:43:54.511+0000][7.380s] GC(2)   Post Evacuate Collection Set: 2.2ms
[2025-04-21T13:43:54.511+0000][7.381s] GC(2)   Other: 4.0ms
[2025-04-21T13:43:54.516+0000][7.386s] GC(2) Eden regions: 69->0(302)
[2025-04-21T13:43:54.517+0000][7.387s] GC(2) Survivor regions: 8->5(10)
[2025-04-21T13:43:54.520+0000][7.390s] GC(2) Old regions: 6->15
[2025-04-21T13:43:54.521+0000][7.391s] GC(2) Archive regions: 2->2
[2025-04-21T13:43:54.523+0000][7.393s] GC(2) Humongous regions: 4->4
[2025-04-21T13:43:54.527+0000][7.397s] GC(2) Metaspace: 17952K(18240K)->17952K(18240K) NonClass: 15755K(15872K)->15755K(15872K) Class: 2197K(2368K)->2197K(2368K)
[2025-04-21T13:43:54.529+0000][7.399s] GC(2) Pause Young (Normal) (G1 Evacuation Pause) 87M->23M(512M) 41.094ms
[2025-04-21T13:43:54.533+0000][7.403s] GC(2) User=0.12s Sys=0.00s Real=0.04s
[2025-04-21T13:43:55.609+0000][8.479s] GC(3) Pause Young (Concurrent Start) (Metadata GC Threshold)
[2025-04-21T13:43:55.609+0000][8.479s] GC(3) Using 10 workers of 10 for evacuation
[2025-04-21T13:43:55.636+0000][8.505s] GC(3)   Pre Evacuate Collection Set: 0.3ms
[2025-04-21T13:43:55.636+0000][8.506s] GC(3)   Merge Heap Roots: 0.2ms
[2025-04-21T13:43:55.636+0000][8.506s] GC(3)   Evacuate Collection Set: 23.5ms
[2025-04-21T13:43:55.636+0000][8.506s] GC(3)   Post Evacuate Collection Set: 1.0ms
[2025-04-21T13:43:55.637+0000][8.507s] GC(3)   Other: 1.8ms
[2025-04-21T13:43:55.637+0000][8.507s] GC(3) Eden regions: 33->0(302)
[2025-04-21T13:43:55.637+0000][8.507s] GC(3) Survivor regions: 5->5(39)
[2025-04-21T13:43:55.638+0000][8.507s] GC(3) Old regions: 15->15
[2025-04-21T13:43:55.638+0000][8.508s] GC(3) Archive regions: 2->2
[2025-04-21T13:43:55.638+0000][8.508s] GC(3) Humongous regions: 4->4
[2025-04-21T13:43:55.638+0000][8.508s] GC(3) Metaspace: 21114K(21504K)->21114K(21504K) NonClass: 18521K(18688K)->18521K(18688K) Class: 2592K(2816K)->2592K(2816K)
[2025-04-21T13:43:55.639+0000][8.508s] GC(3) Pause Young (Concurrent Start) (Metadata GC Threshold) 55M->23M(512M) 29.652ms
[2025-04-21T13:43:55.639+0000][8.509s] GC(3) User=0.00s Sys=0.01s Real=0.03s
[2025-04-21T13:43:55.640+0000][8.509s] GC(4) Concurrent Mark Cycle
[2025-04-21T13:43:55.640+0000][8.510s] GC(4) Concurrent Clear Claimed Marks
[2025-04-21T13:43:55.641+0000][8.510s] GC(4) Concurrent Clear Claimed Marks 0.378ms
[2025-04-21T13:43:55.641+0000][8.510s] GC(4) Concurrent Scan Root Regions
[2025-04-21T13:43:55.643+0000][8.512s] GC(4) Concurrent Scan Root Regions 1.957ms
[2025-04-21T13:43:55.643+0000][8.513s] GC(4) Concurrent Mark
[2025-04-21T13:43:55.655+0000][8.524s] GC(4) Concurrent Mark From Roots
[2025-04-21T13:43:55.655+0000][8.525s] GC(4) Using 3 workers of 3 for marking
[2025-04-21T13:43:55.669+0000][8.539s] GC(4) Concurrent Mark From Roots 14.275ms
[2025-04-21T13:43:55.670+0000][8.539s] GC(4) Concurrent Preclean
[2025-04-21T13:43:55.670+0000][8.540s] GC(4) Concurrent Preclean 0.441ms
[2025-04-21T13:43:55.670+0000][8.540s] GC(4) Pause Remark
[2025-04-21T13:43:55.680+0000][8.550s] GC(4) Pause Remark 24M->24M(512M) 9.516ms
[2025-04-21T13:43:55.681+0000][8.551s] GC(4) User=0.02s Sys=0.01s Real=0.01s
[2025-04-21T13:43:55.681+0000][8.551s] GC(4) Concurrent Mark 38.164ms
[2025-04-21T13:43:55.682+0000][8.551s] GC(4) Concurrent Rebuild Remembered Sets
[2025-04-21T13:43:55.694+0000][8.563s] GC(4) Concurrent Rebuild Remembered Sets 11.966ms
[2025-04-21T13:43:55.695+0000][8.564s] GC(4) Pause Cleanup
[2025-04-21T13:43:55.695+0000][8.565s] GC(4) Pause Cleanup 25M->25M(512M) 0.671ms
[2025-04-21T13:43:55.696+0000][8.565s] GC(4) User=0.01s Sys=0.00s Real=0.01s
[2025-04-21T13:43:55.696+0000][8.566s] GC(4) Concurrent Cleanup for Next Mark
[2025-04-21T13:43:55.715+0000][8.585s] GC(4) Concurrent Cleanup for Next Mark 19.619ms
[2025-04-21T13:43:55.719+0000][8.589s] GC(4) Concurrent Mark Cycle 79.478ms
[2025-04-21T13:44:00.407+0000][13.276s] GC(5) Pause Young (Prepare Mixed) (Metadata GC Threshold)
[2025-04-21T13:44:00.414+0000][13.284s] GC(5) Using 10 workers of 10 for evacuation
[2025-04-21T13:44:00.522+0000][13.392s] GC(5)   Pre Evacuate Collection Set: 7.7ms
[2025-04-21T13:44:00.523+0000][13.393s] GC(5)   Merge Heap Roots: 2.6ms
[2025-04-21T13:44:00.523+0000][13.393s] GC(5)   Evacuate Collection Set: 67.9ms
[2025-04-21T13:44:00.524+0000][13.394s] GC(5)   Post Evacuate Collection Set: 24.9ms
[2025-04-21T13:44:00.524+0000][13.394s] GC(5)   Other: 13.8ms
[2025-04-21T13:44:00.525+0000][13.394s] GC(5) Eden regions: 106->0(13)
[2025-04-21T13:44:00.525+0000][13.395s] GC(5) Survivor regions: 5->12(39)
[2025-04-21T13:44:00.526+0000][13.395s] GC(5) Old regions: 15->15
[2025-04-21T13:44:00.526+0000][13.396s] GC(5) Archive regions: 2->2
[2025-04-21T13:44:00.526+0000][13.396s] GC(5) Humongous regions: 4->4
[2025-04-21T13:44:00.526+0000][13.396s] GC(5) Metaspace: 35741K(36096K)->35741K(36096K) NonClass: 31267K(31424K)->31267K(31424K) Class: 4473K(4672K)->4473K(4672K)
[2025-04-21T13:44:00.527+0000][13.397s] GC(5) Pause Young (Prepare Mixed) (Metadata GC Threshold) 129M->29M(512M) 120.239ms
[2025-04-21T13:44:00.528+0000][13.397s] GC(5) User=0.35s Sys=0.01s Real=0.12s
[2025-04-21T13:44:00.653+0000][13.523s] GC(6) Pause Young (Mixed) (Metadata GC Threshold)
[2025-04-21T13:44:00.654+0000][13.523s] GC(6) Using 10 workers of 10 for evacuation
[2025-04-21T13:44:00.949+0000][13.819s] GC(6) MMU target violated: 251.0ms (250.0ms/251.0ms)
[2025-04-21T13:44:00.950+0000][13.820s] GC(6)   Pre Evacuate Collection Set: 0.2ms
[2025-04-21T13:44:00.950+0000][13.820s] GC(6)   Merge Heap Roots: 0.0ms
[2025-04-21T13:44:00.951+0000][13.820s] GC(6)   Evacuate Collection Set: 291.7ms
[2025-04-21T13:44:00.951+0000][13.821s] GC(6)   Post Evacuate Collection Set: 2.5ms
[2025-04-21T13:44:00.951+0000][13.821s] GC(6)   Other: 2.6ms
[2025-04-21T13:44:00.951+0000][13.821s] GC(6) Eden regions: 3->0(217)
[2025-04-21T13:44:00.952+0000][13.821s] GC(6) Survivor regions: 12->2(4)
[2025-04-21T13:44:00.952+0000][13.822s] GC(6) Old regions: 15->25
[2025-04-21T13:44:00.952+0000][13.822s] GC(6) Archive regions: 2->2
[2025-04-21T13:44:00.952+0000][13.822s] GC(6) Humongous regions: 4->4
[2025-04-21T13:44:00.953+0000][13.822s] GC(6) Metaspace: 36123K(36416K)->36123K(36416K) NonClass: 31600K(31744K)->31600K(31744K) Class: 4522K(4672K)->4522K(4672K)
[2025-04-21T13:44:00.953+0000][13.823s] GC(6) Pause Young (Mixed) (Metadata GC Threshold) 32M->30M(512M) 299.752ms
[2025-04-21T13:44:00.953+0000][13.823s] GC(6) User=0.27s Sys=0.09s Real=0.30s
[2025-04-21T13:44:01.098+0000][13.968s] GC(7) Pause Young (Concurrent Start) (Metadata GC Threshold)
[2025-04-21T13:44:01.099+0000][13.969s] GC(7) Using 10 workers of 10 for evacuation
[2025-04-21T13:44:01.117+0000][13.986s] GC(7)   Pre Evacuate Collection Set: 0.9ms
[2025-04-21T13:44:01.117+0000][13.987s] GC(7)   Merge Heap Roots: 0.4ms
[2025-04-21T13:44:01.117+0000][13.987s] GC(7)   Evacuate Collection Set: 4.4ms
[2025-04-21T13:44:01.118+0000][13.987s] GC(7)   Post Evacuate Collection Set: 0.7ms
[2025-04-21T13:44:01.118+0000][13.988s] GC(7)   Other: 12.1ms
[2025-04-21T13:44:01.119+0000][13.988s] GC(7) Eden regions: 3->0(194)
[2025-04-21T13:44:01.119+0000][13.989s] GC(7) Survivor regions: 2->1(28)
[2025-04-21T13:44:01.119+0000][13.989s] GC(7) Old regions: 25->25
[2025-04-21T13:44:01.119+0000][13.989s] GC(7) Archive regions: 2->2
[2025-04-21T13:44:01.119+0000][13.989s] GC(7) Humongous regions: 4->4
[2025-04-21T13:44:01.120+0000][13.989s] GC(7) Metaspace: 36397K(36736K)->36397K(36736K) NonClass: 31838K(32000K)->31838K(32000K) Class: 4559K(4736K)->4559K(4736K)
[2025-04-21T13:44:01.120+0000][13.990s] GC(7) Pause Young (Concurrent Start) (Metadata GC Threshold) 32M->29M(512M) 21.850ms
[2025-04-21T13:44:01.120+0000][13.990s] GC(7) User=0.03s Sys=0.01s Real=0.02s
[2025-04-21T13:44:01.123+0000][13.993s] GC(8) Concurrent Mark Cycle
[2025-04-21T13:44:01.124+0000][13.994s] GC(8) Concurrent Clear Claimed Marks
[2025-04-21T13:44:01.126+0000][13.995s] GC(8) Concurrent Clear Claimed Marks 1.455ms
[2025-04-21T13:44:01.128+0000][13.998s] GC(8) Concurrent Scan Root Regions
[2025-04-21T13:44:01.135+0000][14.005s] GC(8) Concurrent Scan Root Regions 6.850ms
[2025-04-21T13:44:01.136+0000][14.006s] GC(8) Concurrent Mark
[2025-04-21T13:44:01.137+0000][14.007s] GC(8) Concurrent Mark From Roots
[2025-04-21T13:44:01.138+0000][14.008s] GC(8) Using 3 workers of 3 for marking
[2025-04-21T13:44:01.214+0000][14.083s] GC(8) Concurrent Mark From Roots 76.718ms
[2025-04-21T13:44:01.215+0000][14.084s] GC(8) Concurrent Preclean
[2025-04-21T13:44:01.220+0000][14.090s] GC(8) Concurrent Preclean 5.657ms
[2025-04-21T13:44:01.228+0000][14.098s] GC(8) Pause Remark
[2025-04-21T13:44:01.258+0000][14.127s] GC(8) Pause Remark 32M->32M(512M) 29.774ms
[2025-04-21T13:44:01.259+0000][14.129s] GC(8) User=0.05s Sys=0.01s Real=0.03s
[2025-04-21T13:44:01.260+0000][14.130s] GC(8) Concurrent Mark 124.137ms
[2025-04-21T13:44:01.264+0000][14.134s] GC(8) Concurrent Rebuild Remembered Sets
[2025-04-21T13:44:01.274+0000][14.144s] GC(8) Concurrent Rebuild Remembered Sets 9.975ms
[2025-04-21T13:44:01.275+0000][14.145s] GC(8) Pause Cleanup
[2025-04-21T13:44:01.276+0000][14.146s] GC(8) Pause Cleanup 32M->32M(512M) 1.394ms
[2025-04-21T13:44:01.276+0000][14.146s] GC(8) User=0.00s Sys=0.00s Real=0.01s
[2025-04-21T13:44:01.277+0000][14.146s] GC(8) Concurrent Cleanup for Next Mark
[2025-04-21T13:44:01.310+0000][14.180s] GC(8) Concurrent Cleanup for Next Mark 33.346ms
[2025-04-21T13:44:01.311+0000][14.181s] GC(8) Concurrent Mark Cycle 188.525ms
[2025-04-21T14:00:44.936+0000][1017.936s] GC(9) Pause Young (Normal) (G1 Evacuation Pause)
[2025-04-21T14:00:44.945+0000][1017.945s] GC(9) Using 10 workers of 10 for evacuation
[2025-04-21T14:00:46.264+0000][1019.264s] GC(9) MMU target violated: 251.0ms (250.0ms/251.0ms)
[2025-04-21T14:00:46.273+0000][1019.274s] GC(9)   Pre Evacuate Collection Set: 27.5ms
[2025-04-21T14:00:46.273+0000][1019.274s] GC(9)   Merge Heap Roots: 10.8ms
[2025-04-21T14:00:46.274+0000][1019.274s] GC(9)   Evacuate Collection Set: 1177.4ms
[2025-04-21T14:00:46.274+0000][1019.274s] GC(9)   Post Evacuate Collection Set: 59.4ms
[2025-04-21T14:00:46.275+0000][1019.276s] GC(9)   Other: 84.0ms
[2025-04-21T14:00:46.277+0000][1019.278s] GC(9) Eden regions: 217->0(8)
[2025-04-21T14:00:46.278+0000][1019.278s] GC(9) Survivor regions: 1->17(28)
[2025-04-21T14:00:46.278+0000][1019.278s] GC(9) Old regions: 25->25
[2025-04-21T14:00:46.278+0000][1019.278s] GC(9) Archive regions: 2->2
[2025-04-21T14:00:46.278+0000][1019.279s] GC(9) Humongous regions: 4->4
[2025-04-21T14:00:46.281+0000][1019.282s] GC(9) Metaspace: 57225K(57792K)->57225K(57792K) NonClass: 49841K(50112K)->49841K(50112K) Class: 7383K(7680K)->7383K(7680K)
[2025-04-21T14:00:46.286+0000][1019.286s] GC(9) Pause Young (Normal) (G1 Evacuation Pause) 246M->45M(512M) 1350.312ms
[2025-04-21T14:00:46.287+0000][1019.288s] GC(9) User=4.77s Sys=0.97s Real=1.36s
