[2025-04-21T14:14:49.525+0000][0.184s] Using G1
[2025-04-21T14:14:49.985+0000][0.644s] Version: 17.0.14+7 (release)
[2025-04-21T14:14:49.985+0000][0.644s] CPUs: 12 total, 12 available
[2025-04-21T14:14:49.986+0000][0.645s] Memory: 3845M
[2025-04-21T14:14:49.987+0000][0.646s] Large Page Support: Disabled
[2025-04-21T14:14:49.988+0000][0.647s] NUMA Support: Disabled
[2025-04-21T14:14:49.988+0000][0.647s] Compressed Oops: Enabled (32-bit)
[2025-04-21T14:14:49.988+0000][0.647s] Heap Region Size: 1M
[2025-04-21T14:14:49.989+0000][0.647s] Heap Min Capacity: 512M
[2025-04-21T14:14:49.989+0000][0.648s] Heap Initial Capacity: 512M
[2025-04-21T14:14:49.989+0000][0.648s] Heap Max Capacity: 512M
[2025-04-21T14:14:49.990+0000][0.649s] Pre-touch: Enabled
[2025-04-21T14:14:49.990+0000][0.649s] Parallel Workers: 10
[2025-04-21T14:14:49.990+0000][0.649s] Concurrent Workers: 3
[2025-04-21T14:14:49.990+0000][0.649s] Concurrent Refinement Workers: 10
[2025-04-21T14:14:49.990+0000][0.649s] Periodic GC: Disabled
[2025-04-21T14:14:50.082+0000][0.741s] CDS archive(s) mapped at: [0x00007f74d3000000-0x00007f74d3a62000-0x00007f74d3a62000), size 10887168, SharedBaseAddress: 0x00007f74d3000000, ArchiveRelocationMode: 1.
[2025-04-21T14:14:50.085+0000][0.744s] Compressed class space mapped at: 0x00007f74d4000000-0x00007f7514000000, reserved size: 1073741824
[2025-04-21T14:14:50.086+0000][0.745s] Narrow klass base: 0x00007f74d3000000, Narrow klass shift: 0, Narrow klass range: 0x100000000
[2025-04-21T14:14:53.186+0000][3.845s] GC(0) Pause Young (Normal) (G1 Evacuation Pause)
[2025-04-21T14:14:53.186+0000][3.845s] GC(0) Using 10 workers of 10 for evacuation
[2025-04-21T14:14:53.201+0000][3.860s] GC(0)   Pre Evacuate Collection Set: 1.9ms
[2025-04-21T14:14:53.201+0000][3.860s] GC(0)   Merge Heap Roots: 0.7ms
[2025-04-21T14:14:53.201+0000][3.860s] GC(0)   Evacuate Collection Set: 9.3ms
[2025-04-21T14:14:53.202+0000][3.861s] GC(0)   Post Evacuate Collection Set: 2.0ms
[2025-04-21T14:14:53.202+0000][3.861s] GC(0)   Other: 1.4ms
[2025-04-21T14:14:53.202+0000][3.861s] GC(0) Eden regions: 29->0(58)
[2025-04-21T14:14:53.202+0000][3.861s] GC(0) Survivor regions: 0->4(4)
[2025-04-21T14:14:53.203+0000][3.862s] GC(0) Old regions: 0->0
[2025-04-21T14:14:53.203+0000][3.862s] GC(0) Archive regions: 2->2
[2025-04-21T14:14:53.203+0000][3.862s] GC(0) Humongous regions: 0->0
[2025-04-21T14:14:53.204+0000][3.863s] GC(0) Metaspace: 9678K(9984K)->9678K(9984K) NonClass: 8487K(8640K)->8487K(8640K) Class: 1190K(1344K)->1190K(1344K)
[2025-04-21T14:14:53.204+0000][3.863s] GC(0) Pause Young (Normal) (G1 Evacuation Pause) 29M->4M(512M) 18.268ms
[2025-04-21T14:14:53.209+0000][3.868s] GC(0) User=0.04s Sys=0.00s Real=0.03s
[2025-04-21T14:14:54.408+0000][5.067s] GC(1) Pause Young (Normal) (G1 Evacuation Pause)
[2025-04-21T14:14:54.409+0000][5.068s] GC(1) Using 10 workers of 10 for evacuation
[2025-04-21T14:14:54.429+0000][5.088s] GC(1)   Pre Evacuate Collection Set: 0.2ms
[2025-04-21T14:14:54.430+0000][5.089s] GC(1)   Merge Heap Roots: 0.1ms
[2025-04-21T14:14:54.430+0000][5.089s] GC(1)   Evacuate Collection Set: 18.2ms
[2025-04-21T14:14:54.430+0000][5.089s] GC(1)   Post Evacuate Collection Set: 1.6ms
[2025-04-21T14:14:54.430+0000][5.089s] GC(1)   Other: 1.1ms
[2025-04-21T14:14:54.430+0000][5.089s] GC(1) Eden regions: 58->0(74)
[2025-04-21T14:14:54.431+0000][5.090s] GC(1) Survivor regions: 4->8(8)
[2025-04-21T14:14:54.431+0000][5.090s] GC(1) Old regions: 0->6
[2025-04-21T14:14:54.431+0000][5.090s] GC(1) Archive regions: 2->2
[2025-04-21T14:14:54.431+0000][5.090s] GC(1) Humongous regions: 4->4
[2025-04-21T14:14:54.431+0000][5.090s] GC(1) Metaspace: 17851K(18176K)->17851K(18176K) NonClass: 15657K(15808K)->15657K(15808K) Class: 2193K(2368K)->2193K(2368K)
[2025-04-21T14:14:54.431+0000][5.090s] GC(1) Pause Young (Normal) (G1 Evacuation Pause) 66M->18M(512M) 23.033ms
[2025-04-21T14:14:54.431+0000][5.090s] GC(1) User=0.11s Sys=0.02s Real=0.03s
[2025-04-21T14:14:54.626+0000][5.285s] GC(2) Pause Young (Normal) (G1 Evacuation Pause)
[2025-04-21T14:14:54.626+0000][5.285s] GC(2) Using 10 workers of 10 for evacuation
[2025-04-21T14:14:54.638+0000][5.297s] GC(2)   Pre Evacuate Collection Set: 0.1ms
[2025-04-21T14:14:54.638+0000][5.297s] GC(2)   Merge Heap Roots: 0.1ms
[2025-04-21T14:14:54.638+0000][5.297s] GC(2)   Evacuate Collection Set: 10.1ms
[2025-04-21T14:14:54.638+0000][5.297s] GC(2)   Post Evacuate Collection Set: 1.1ms
[2025-04-21T14:14:54.639+0000][5.298s] GC(2)   Other: 0.8ms
[2025-04-21T14:14:54.639+0000][5.298s] GC(2) Eden regions: 74->0(297)
[2025-04-21T14:14:54.639+0000][5.298s] GC(2) Survivor regions: 8->10(11)
[2025-04-21T14:14:54.639+0000][5.298s] GC(2) Old regions: 6->9
[2025-04-21T14:14:54.639+0000][5.298s] GC(2) Archive regions: 2->2
[2025-04-21T14:14:54.639+0000][5.298s] GC(2) Humongous regions: 4->4
[2025-04-21T14:14:54.639+0000][5.298s] GC(2) Metaspace: 18132K(18432K)->18132K(18432K) NonClass: 15919K(16064K)->15919K(16064K) Class: 2212K(2368K)->2212K(2368K)
[2025-04-21T14:14:54.640+0000][5.299s] GC(2) Pause Young (Normal) (G1 Evacuation Pause) 92M->23M(512M) 13.928ms
[2025-04-21T14:14:54.640+0000][5.299s] GC(2) User=0.06s Sys=0.00s Real=0.02s
[2025-04-21T14:14:55.102+0000][5.761s] GC(3) Pause Young (Concurrent Start) (Metadata GC Threshold)
[2025-04-21T14:14:55.102+0000][5.761s] GC(3) Using 10 workers of 10 for evacuation
[2025-04-21T14:14:55.112+0000][5.771s] GC(3)   Pre Evacuate Collection Set: 0.4ms
[2025-04-21T14:14:55.112+0000][5.771s] GC(3)   Merge Heap Roots: 0.2ms
[2025-04-21T14:14:55.112+0000][5.771s] GC(3)   Evacuate Collection Set: 6.5ms
[2025-04-21T14:14:55.112+0000][5.771s] GC(3)   Post Evacuate Collection Set: 1.1ms
[2025-04-21T14:14:55.113+0000][5.772s] GC(3)   Other: 1.7ms
[2025-04-21T14:14:55.113+0000][5.772s] GC(3) Eden regions: 27->0(296)
[2025-04-21T14:14:55.113+0000][5.772s] GC(3) Survivor regions: 10->11(39)
[2025-04-21T14:14:55.113+0000][5.772s] GC(3) Old regions: 9->9
[2025-04-21T14:14:55.113+0000][5.772s] GC(3) Archive regions: 2->2
[2025-04-21T14:14:55.113+0000][5.772s] GC(3) Humongous regions: 4->4
[2025-04-21T14:14:55.113+0000][5.772s] GC(3) Metaspace: 21140K(21504K)->21140K(21504K) NonClass: 18552K(18752K)->18552K(18752K) Class: 2587K(2752K)->2587K(2752K)
[2025-04-21T14:14:55.113+0000][5.772s] GC(3) Pause Young (Concurrent Start) (Metadata GC Threshold) 50M->23M(512M) 11.862ms
[2025-04-21T14:14:55.114+0000][5.773s] GC(3) User=0.04s Sys=0.01s Real=0.01s
[2025-04-21T14:14:55.114+0000][5.773s] GC(4) Concurrent Mark Cycle
[2025-04-21T14:14:55.114+0000][5.773s] GC(4) Concurrent Clear Claimed Marks
[2025-04-21T14:14:55.115+0000][5.773s] GC(4) Concurrent Clear Claimed Marks 0.424ms
[2025-04-21T14:14:55.115+0000][5.774s] GC(4) Concurrent Scan Root Regions
[2025-04-21T14:14:55.119+0000][5.778s] GC(4) Concurrent Scan Root Regions 4.616ms
[2025-04-21T14:14:55.120+0000][5.779s] GC(4) Concurrent Mark
[2025-04-21T14:14:55.120+0000][5.779s] GC(4) Concurrent Mark From Roots
[2025-04-21T14:14:55.120+0000][5.779s] GC(4) Using 3 workers of 3 for marking
[2025-04-21T14:14:55.128+0000][5.787s] GC(4) Concurrent Mark From Roots 7.916ms
[2025-04-21T14:14:55.129+0000][5.788s] GC(4) Concurrent Preclean
[2025-04-21T14:14:55.129+0000][5.788s] GC(4) Concurrent Preclean 0.435ms
[2025-04-21T14:14:55.129+0000][5.788s] GC(4) Pause Remark
[2025-04-21T14:14:55.143+0000][5.802s] GC(4) Pause Remark 24M->24M(512M) 13.338ms
[2025-04-21T14:14:55.143+0000][5.802s] GC(4) User=0.02s Sys=0.01s Real=0.01s
[2025-04-21T14:14:55.144+0000][5.803s] GC(4) Concurrent Mark 23.844ms
[2025-04-21T14:14:55.144+0000][5.803s] GC(4) Concurrent Rebuild Remembered Sets
[2025-04-21T14:14:55.147+0000][5.806s] GC(4) Concurrent Rebuild Remembered Sets 3.128ms
[2025-04-21T14:14:55.148+0000][5.807s] GC(4) Pause Cleanup
[2025-04-21T14:14:55.148+0000][5.807s] GC(4) Pause Cleanup 24M->24M(512M) 0.474ms
[2025-04-21T14:14:55.148+0000][5.807s] GC(4) User=0.00s Sys=0.00s Real=0.00s
[2025-04-21T14:14:55.149+0000][5.808s] GC(4) Concurrent Cleanup for Next Mark
[2025-04-21T14:14:55.153+0000][5.812s] GC(4) Concurrent Cleanup for Next Mark 3.829ms
[2025-04-21T14:14:55.153+0000][5.812s] GC(4) Concurrent Mark Cycle 39.474ms
[2025-04-21T14:14:58.539+0000][9.198s] GC(5) Pause Young (Concurrent Start) (Metadata GC Threshold)
[2025-04-21T14:14:58.546+0000][9.205s] GC(5) Using 10 workers of 10 for evacuation
[2025-04-21T14:14:58.585+0000][9.244s] GC(5)   Pre Evacuate Collection Set: 0.5ms
[2025-04-21T14:14:58.586+0000][9.245s] GC(5)   Merge Heap Roots: 0.2ms
[2025-04-21T14:14:58.588+0000][9.247s] GC(5)   Evacuate Collection Set: 33.0ms
[2025-04-21T14:14:58.589+0000][9.248s] GC(5)   Post Evacuate Collection Set: 2.9ms
[2025-04-21T14:14:58.590+0000][9.249s] GC(5)   Other: 9.3ms
[2025-04-21T14:14:58.591+0000][9.250s] GC(5) Eden regions: 107->0(291)
[2025-04-21T14:14:58.591+0000][9.250s] GC(5) Survivor regions: 11->16(39)
[2025-04-21T14:14:58.591+0000][9.250s] GC(5) Old regions: 9->9
[2025-04-21T14:14:58.591+0000][9.250s] GC(5) Archive regions: 2->2
[2025-04-21T14:14:58.592+0000][9.251s] GC(5) Humongous regions: 4->4
[2025-04-21T14:14:58.592+0000][9.251s] GC(5) Metaspace: 35765K(36096K)->35765K(36096K) NonClass: 31286K(31424K)->31286K(31424K) Class: 4478K(4672K)->4478K(4672K)
[2025-04-21T14:14:58.592+0000][9.251s] GC(5) Pause Young (Concurrent Start) (Metadata GC Threshold) 130M->29M(512M) 52.795ms
[2025-04-21T14:14:58.592+0000][9.251s] GC(5) User=0.22s Sys=0.00s Real=0.05s
[2025-04-21T14:14:58.597+0000][9.256s] GC(6) Concurrent Mark Cycle
[2025-04-21T14:14:58.610+0000][9.269s] GC(6) Concurrent Clear Claimed Marks
[2025-04-21T14:14:58.618+0000][9.277s] GC(6) Concurrent Clear Claimed Marks 7.902ms
[2025-04-21T14:14:58.618+0000][9.277s] GC(6) Concurrent Scan Root Regions
[2025-04-21T14:14:58.645+0000][9.304s] GC(6) Concurrent Scan Root Regions 26.506ms
[2025-04-21T14:14:58.658+0000][9.317s] GC(6) Concurrent Mark
[2025-04-21T14:14:58.659+0000][9.318s] GC(6) Concurrent Mark From Roots
[2025-04-21T14:14:58.660+0000][9.319s] GC(6) Using 3 workers of 3 for marking
[2025-04-21T14:14:58.680+0000][9.339s] GC(6) Concurrent Mark From Roots 20.285ms
[2025-04-21T14:14:58.682+0000][9.341s] GC(6) Concurrent Preclean
[2025-04-21T14:14:58.683+0000][9.342s] GC(6) Concurrent Preclean 0.488ms
[2025-04-21T14:14:58.683+0000][9.342s] GC(6) Pause Remark
[2025-04-21T14:14:58.696+0000][9.355s] GC(6) Pause Remark 32M->32M(512M) 12.947ms
[2025-04-21T14:14:58.700+0000][9.359s] GC(6) User=0.04s Sys=0.00s Real=0.02s
[2025-04-21T14:14:58.701+0000][9.360s] GC(6) Concurrent Mark 43.422ms
[2025-04-21T14:14:58.717+0000][9.376s] GC(6) Concurrent Rebuild Remembered Sets
[2025-04-21T14:14:58.730+0000][9.389s] GC(6) Concurrent Rebuild Remembered Sets 13.098ms
[2025-04-21T14:14:58.737+0000][9.396s] GC(6) Pause Cleanup
[2025-04-21T14:14:58.739+0000][9.398s] GC(6) Pause Cleanup 33M->33M(512M) 2.255ms
[2025-04-21T14:14:58.740+0000][9.399s] GC(6) User=0.00s Sys=0.00s Real=0.01s
[2025-04-21T14:14:58.740+0000][9.399s] GC(6) Concurrent Cleanup for Next Mark
[2025-04-21T14:14:58.749+0000][9.408s] GC(6) Concurrent Cleanup for Next Mark 8.300ms
[2025-04-21T14:14:58.751+0000][9.410s] GC(6) Concurrent Mark Cycle 153.563ms
[2025-04-21T14:28:26.097+0000][816.804s] Heap
[2025-04-21T14:28:26.100+0000][816.807s]  garbage-first heap   total 524288K, used 268196K [0x00000000e0000000, 0x0000000100000000)
[2025-04-21T14:28:26.101+0000][816.808s]   region size 1024K, 249 young (254976K), 16 survivors (16384K)
[2025-04-21T14:28:26.101+0000][816.809s]  Metaspace       used 57191K, committed 57728K, reserved 1114112K
[2025-04-21T14:28:26.101+0000][816.809s]   class space    used 7399K, committed 7680K, reserved 1048576K
