[2025-04-21T16:20:37.146+0000][0.062s] Using G1
[2025-04-21T16:20:37.371+0000][0.287s] Version: 17.0.14+7 (release)
[2025-04-21T16:20:37.371+0000][0.288s] CPUs: 12 total, 12 available
[2025-04-21T16:20:37.371+0000][0.288s] Memory: 3845M
[2025-04-21T16:20:37.371+0000][0.288s] Large Page Support: Disabled
[2025-04-21T16:20:37.372+0000][0.288s] NUMA Support: Disabled
[2025-04-21T16:20:37.372+0000][0.288s] Compressed Oops: Enabled (32-bit)
[2025-04-21T16:20:37.372+0000][0.288s] Heap Region Size: 1M
[2025-04-21T16:20:37.372+0000][0.288s] Heap Min Capacity: 512M
[2025-04-21T16:20:37.372+0000][0.289s] Heap Initial Capacity: 512M
[2025-04-21T16:20:37.374+0000][0.290s] Heap Max Capacity: 512M
[2025-04-21T16:20:37.374+0000][0.290s] Pre-touch: Enabled
[2025-04-21T16:20:37.374+0000][0.290s] Parallel Workers: 10
[2025-04-21T16:20:37.374+0000][0.291s] Concurrent Workers: 3
[2025-04-21T16:20:37.374+0000][0.291s] Concurrent Refinement Workers: 10
[2025-04-21T16:20:37.374+0000][0.291s] Periodic GC: Disabled
[2025-04-21T16:20:37.386+0000][0.303s] CDS archive(s) mapped at: [0x00007fb12f000000-0x00007fb12fa62000-0x00007fb12fa62000), size 10887168, SharedBaseAddress: 0x00007fb12f000000, ArchiveRelocationMode: 1.
[2025-04-21T16:20:37.386+0000][0.303s] Compressed class space mapped at: 0x00007fb130000000-0x00007fb170000000, reserved size: 1073741824
[2025-04-21T16:20:37.387+0000][0.303s] Narrow klass base: 0x00007fb12f000000, Narrow klass shift: 0, Narrow klass range: 0x100000000
[2025-04-21T16:20:40.215+0000][3.132s] GC(0) Pause Young (Normal) (G1 Evacuation Pause)
[2025-04-21T16:20:40.216+0000][3.133s] GC(0) Using 10 workers of 10 for evacuation
[2025-04-21T16:20:40.224+0000][3.140s] GC(0)   Pre Evacuate Collection Set: 0.7ms
[2025-04-21T16:20:40.225+0000][3.141s] GC(0)   Merge Heap Roots: 0.2ms
[2025-04-21T16:20:40.225+0000][3.142s] GC(0)   Evacuate Collection Set: 3.9ms
[2025-04-21T16:20:40.225+0000][3.142s] GC(0)   Post Evacuate Collection Set: 1.5ms
[2025-04-21T16:20:40.226+0000][3.142s] GC(0)   Other: 2.6ms
[2025-04-21T16:20:40.226+0000][3.143s] GC(0) Eden regions: 29->0(59)
[2025-04-21T16:20:40.227+0000][3.143s] GC(0) Survivor regions: 0->4(4)
[2025-04-21T16:20:40.227+0000][3.144s] GC(0) Old regions: 0->0
[2025-04-21T16:20:40.228+0000][3.144s] GC(0) Archive regions: 2->2
[2025-04-21T16:20:40.228+0000][3.144s] GC(0) Humongous regions: 0->0
[2025-04-21T16:20:40.228+0000][3.145s] GC(0) Metaspace: 9627K(9920K)->9627K(9920K) NonClass: 8437K(8576K)->8437K(8576K) Class: 1189K(1344K)->1189K(1344K)
[2025-04-21T16:20:40.229+0000][3.146s] GC(0) Pause Young (Normal) (G1 Evacuation Pause) 29M->4M(512M) 13.817ms
[2025-04-21T16:20:40.229+0000][3.146s] GC(0) User=0.02s Sys=0.01s Real=0.01s
[2025-04-21T16:20:41.414+0000][4.331s] GC(1) Pause Young (Normal) (G1 Evacuation Pause)
[2025-04-21T16:20:41.415+0000][4.331s] GC(1) Using 10 workers of 10 for evacuation
[2025-04-21T16:20:41.423+0000][4.340s] GC(1)   Pre Evacuate Collection Set: 0.2ms
[2025-04-21T16:20:41.424+0000][4.340s] GC(1)   Merge Heap Roots: 0.2ms
[2025-04-21T16:20:41.424+0000][4.341s] GC(1)   Evacuate Collection Set: 6.6ms
[2025-04-21T16:20:41.424+0000][4.341s] GC(1)   Post Evacuate Collection Set: 1.0ms
[2025-04-21T16:20:41.424+0000][4.341s] GC(1)   Other: 1.0ms
[2025-04-21T16:20:41.425+0000][4.341s] GC(1) Eden regions: 59->0(78)
[2025-04-21T16:20:41.425+0000][4.341s] GC(1) Survivor regions: 4->8(8)
[2025-04-21T16:20:41.425+0000][4.341s] GC(1) Old regions: 0->6
[2025-04-21T16:20:41.425+0000][4.342s] GC(1) Archive regions: 2->2
[2025-04-21T16:20:41.425+0000][4.342s] GC(1) Humongous regions: 4->4
[2025-04-21T16:20:41.425+0000][4.342s] GC(1) Metaspace: 17802K(18176K)->17802K(18176K) NonClass: 15608K(15808K)->15608K(15808K) Class: 2193K(2368K)->2193K(2368K)
[2025-04-21T16:20:41.426+0000][4.342s] GC(1) Pause Young (Normal) (G1 Evacuation Pause) 67M->18M(512M) 11.148ms
[2025-04-21T16:20:41.426+0000][4.342s] GC(1) User=0.04s Sys=0.02s Real=0.02s
[2025-04-21T16:20:41.668+0000][4.584s] GC(2) Pause Young (Normal) (G1 Evacuation Pause)
[2025-04-21T16:20:41.668+0000][4.585s] GC(2) Using 10 workers of 10 for evacuation
[2025-04-21T16:20:41.674+0000][4.590s] GC(2)   Pre Evacuate Collection Set: 0.3ms
[2025-04-21T16:20:41.674+0000][4.591s] GC(2)   Merge Heap Roots: 0.2ms
[2025-04-21T16:20:41.675+0000][4.591s] GC(2)   Evacuate Collection Set: 4.3ms
[2025-04-21T16:20:41.675+0000][4.591s] GC(2)   Post Evacuate Collection Set: 0.8ms
[2025-04-21T16:20:41.675+0000][4.592s] GC(2)   Other: 0.7ms
[2025-04-21T16:20:41.675+0000][4.592s] GC(2) Eden regions: 78->0(297)
[2025-04-21T16:20:41.676+0000][4.592s] GC(2) Survivor regions: 8->10(11)
[2025-04-21T16:20:41.676+0000][4.592s] GC(2) Old regions: 6->9
[2025-04-21T16:20:41.676+0000][4.592s] GC(2) Archive regions: 2->2
[2025-04-21T16:20:41.676+0000][4.593s] GC(2) Humongous regions: 4->4
[2025-04-21T16:20:41.676+0000][4.593s] GC(2) Metaspace: 18099K(18432K)->18099K(18432K) NonClass: 15886K(16064K)->15886K(16064K) Class: 2212K(2368K)->2212K(2368K)
[2025-04-21T16:20:41.676+0000][4.593s] GC(2) Pause Young (Normal) (G1 Evacuation Pause) 96M->23M(512M) 8.583ms
[2025-04-21T16:20:41.677+0000][4.593s] GC(2) User=0.03s Sys=0.01s Real=0.01s
[2025-04-21T16:20:41.990+0000][4.906s] GC(3) Pause Young (Concurrent Start) (Metadata GC Threshold)
[2025-04-21T16:20:41.990+0000][4.906s] GC(3) Using 10 workers of 10 for evacuation
[2025-04-21T16:20:41.994+0000][4.911s] GC(3)   Pre Evacuate Collection Set: 0.2ms
[2025-04-21T16:20:41.995+0000][4.911s] GC(3)   Merge Heap Roots: 0.1ms
[2025-04-21T16:20:41.995+0000][4.911s] GC(3)   Evacuate Collection Set: 3.2ms
[2025-04-21T16:20:41.995+0000][4.911s] GC(3)   Post Evacuate Collection Set: 0.6ms
[2025-04-21T16:20:41.995+0000][4.912s] GC(3)   Other: 0.6ms
[2025-04-21T16:20:41.995+0000][4.912s] GC(3) Eden regions: 22->0(296)
[2025-04-21T16:20:41.995+0000][4.912s] GC(3) Survivor regions: 10->11(39)
[2025-04-21T16:20:41.995+0000][4.912s] GC(3) Old regions: 9->9
[2025-04-21T16:20:41.996+0000][4.912s] GC(3) Archive regions: 2->2
[2025-04-21T16:20:41.996+0000][4.912s] GC(3) Humongous regions: 4->4
[2025-04-21T16:20:41.996+0000][4.912s] GC(3) Metaspace: 21107K(21504K)->21107K(21504K) NonClass: 18516K(18688K)->18516K(18688K) Class: 2590K(2816K)->2590K(2816K)
[2025-04-21T16:20:41.996+0000][4.912s] GC(3) Pause Young (Concurrent Start) (Metadata GC Threshold) 44M->24M(512M) 6.313ms
[2025-04-21T16:20:41.996+0000][4.913s] GC(3) User=0.02s Sys=0.01s Real=0.01s
[2025-04-21T16:20:41.996+0000][4.913s] GC(4) Concurrent Mark Cycle
[2025-04-21T16:20:41.996+0000][4.913s] GC(4) Concurrent Clear Claimed Marks
[2025-04-21T16:20:41.997+0000][4.913s] GC(4) Concurrent Clear Claimed Marks 0.180ms
[2025-04-21T16:20:41.997+0000][4.913s] GC(4) Concurrent Scan Root Regions
[2025-04-21T16:20:41.999+0000][4.915s] GC(4) Concurrent Scan Root Regions 2.109ms
[2025-04-21T16:20:41.999+0000][4.916s] GC(4) Concurrent Mark
[2025-04-21T16:20:41.999+0000][4.916s] GC(4) Concurrent Mark From Roots
[2025-04-21T16:20:42.000+0000][4.916s] GC(4) Using 3 workers of 3 for marking
[2025-04-21T16:20:42.008+0000][4.925s] GC(4) Concurrent Mark From Roots 8.948ms
[2025-04-21T16:20:42.010+0000][4.926s] GC(4) Concurrent Preclean
[2025-04-21T16:20:42.010+0000][4.926s] GC(4) Concurrent Preclean 0.373ms
[2025-04-21T16:20:42.010+0000][4.927s] GC(4) Pause Remark
[2025-04-21T16:20:42.013+0000][4.930s] GC(4) Pause Remark 24M->24M(512M) 2.871ms
[2025-04-21T16:20:42.014+0000][4.930s] GC(4) User=0.01s Sys=0.00s Real=0.00s
[2025-04-21T16:20:42.014+0000][4.930s] GC(4) Concurrent Mark 14.699ms
[2025-04-21T16:20:42.014+0000][4.931s] GC(4) Concurrent Rebuild Remembered Sets
[2025-04-21T16:20:42.018+0000][4.934s] GC(4) Concurrent Rebuild Remembered Sets 3.403ms
[2025-04-21T16:20:42.019+0000][4.935s] GC(4) Pause Cleanup
[2025-04-21T16:20:42.020+0000][4.936s] GC(4) Pause Cleanup 25M->25M(512M) 0.814ms
[2025-04-21T16:20:42.020+0000][4.936s] GC(4) User=0.00s Sys=0.00s Real=0.00s
[2025-04-21T16:20:42.020+0000][4.937s] GC(4) Concurrent Cleanup for Next Mark
[2025-04-21T16:20:42.021+0000][4.938s] GC(4) Concurrent Cleanup for Next Mark 1.024ms
[2025-04-21T16:20:42.021+0000][4.938s] GC(4) Concurrent Mark Cycle 25.179ms
[2025-04-21T16:20:44.472+0000][7.388s] GC(5) Pause Young (Concurrent Start) (GCLocker Initiated GC)
[2025-04-21T16:20:44.472+0000][7.389s] GC(5) Using 10 workers of 10 for evacuation
[2025-04-21T16:20:44.486+0000][7.403s] GC(5)   Pre Evacuate Collection Set: 0.2ms
[2025-04-21T16:20:44.487+0000][7.403s] GC(5)   Merge Heap Roots: 0.1ms
[2025-04-21T16:20:44.487+0000][7.403s] GC(5)   Evacuate Collection Set: 11.9ms
[2025-04-21T16:20:44.487+0000][7.403s] GC(5)   Post Evacuate Collection Set: 1.5ms
[2025-04-21T16:20:44.487+0000][7.403s] GC(5)   Other: 0.8ms
[2025-04-21T16:20:44.487+0000][7.404s] GC(5) Eden regions: 117->0(290)
[2025-04-21T16:20:44.487+0000][7.404s] GC(5) Survivor regions: 11->17(39)
[2025-04-21T16:20:44.487+0000][7.404s] GC(5) Old regions: 9->9
[2025-04-21T16:20:44.487+0000][7.404s] GC(5) Archive regions: 2->2
[2025-04-21T16:20:44.487+0000][7.404s] GC(5) Humongous regions: 4->4
[2025-04-21T16:20:44.488+0000][7.404s] GC(5) Metaspace: 35753K(36160K)->35753K(36160K) NonClass: 31268K(31488K)->31268K(31488K) Class: 4484K(4672K)->4484K(4672K)
[2025-04-21T16:20:44.488+0000][7.404s] GC(5) Pause Young (Concurrent Start) (GCLocker Initiated GC) 141M->30M(512M) 15.863ms
[2025-04-21T16:20:44.488+0000][7.404s] GC(5) User=0.05s Sys=0.01s Real=0.02s
[2025-04-21T16:20:44.488+0000][7.404s] GC(6) Concurrent Mark Cycle
[2025-04-21T16:20:44.488+0000][7.405s] GC(6) Concurrent Clear Claimed Marks
[2025-04-21T16:20:44.488+0000][7.405s] GC(6) Concurrent Clear Claimed Marks 0.289ms
[2025-04-21T16:20:44.489+0000][7.405s] GC(6) Concurrent Scan Root Regions
[2025-04-21T16:20:44.492+0000][7.408s] GC(6) Concurrent Scan Root Regions 3.306ms
[2025-04-21T16:20:44.492+0000][7.409s] GC(6) Concurrent Mark
[2025-04-21T16:20:44.492+0000][7.409s] GC(6) Concurrent Mark From Roots
[2025-04-21T16:20:44.493+0000][7.409s] GC(6) Using 3 workers of 3 for marking
[2025-04-21T16:20:44.499+0000][7.416s] GC(6) Concurrent Mark From Roots 6.869ms
[2025-04-21T16:20:44.500+0000][7.416s] GC(6) Concurrent Preclean
[2025-04-21T16:20:44.500+0000][7.416s] GC(6) Concurrent Preclean 0.201ms
[2025-04-21T16:20:44.500+0000][7.417s] GC(6) Pause Remark
[2025-04-21T16:20:44.502+0000][7.419s] GC(6) Pause Remark 31M->31M(512M) 2.207ms
[2025-04-21T16:20:44.503+0000][7.419s] GC(6) User=0.01s Sys=0.00s Real=0.00s
[2025-04-21T16:20:44.503+0000][7.419s] GC(6) Concurrent Mark 10.681ms
[2025-04-21T16:20:44.503+0000][7.420s] GC(6) Concurrent Rebuild Remembered Sets
[2025-04-21T16:20:44.506+0000][7.423s] GC(6) Concurrent Rebuild Remembered Sets 3.184ms
[2025-04-21T16:20:44.507+0000][7.423s] GC(6) Pause Cleanup
[2025-04-21T16:20:44.507+0000][7.424s] GC(6) Pause Cleanup 31M->31M(512M) 0.446ms
[2025-04-21T16:20:44.508+0000][7.424s] GC(6) User=0.00s Sys=0.00s Real=0.00s
[2025-04-21T16:20:44.508+0000][7.424s] GC(6) Concurrent Cleanup for Next Mark
[2025-04-21T16:20:44.509+0000][7.426s] GC(6) Concurrent Cleanup for Next Mark 1.142ms
[2025-04-21T16:20:44.509+0000][7.426s] GC(6) Concurrent Mark Cycle 21.518ms
[2025-04-21T16:20:50.869+0000][13.785s] Heap
[2025-04-21T16:20:50.869+0000][13.786s]  garbage-first heap   total 524288K, used 238904K [0x00000000e0000000, 0x0000000100000000)
[2025-04-21T16:20:50.870+0000][13.786s]   region size 1024K, 220 young (225280K), 17 survivors (17408K)
[2025-04-21T16:20:50.870+0000][13.786s]  Metaspace       used 52803K, committed 53312K, reserved 1114112K
[2025-04-21T16:20:50.870+0000][13.786s]   class space    used 6809K, committed 7040K, reserved 1048576K
