[2025-04-21T14:57:20.412+0000][0.584s] Using G1
[2025-04-21T14:57:20.868+0000][1.040s] Version: 17.0.14+7 (release)
[2025-04-21T14:57:20.870+0000][1.042s] CPUs: 12 total, 12 available
[2025-04-21T14:57:20.873+0000][1.045s] Memory: 3845M
[2025-04-21T14:57:20.874+0000][1.045s] Large Page Support: Disabled
[2025-04-21T14:57:20.874+0000][1.045s] NUMA Support: Disabled
[2025-04-21T14:57:20.874+0000][1.046s] Compressed Oops: Enabled (32-bit)
[2025-04-21T14:57:20.874+0000][1.046s] Heap Region Size: 1M
[2025-04-21T14:57:20.875+0000][1.046s] Heap Min Capacity: 512M
[2025-04-21T14:57:20.875+0000][1.046s] Heap Initial Capacity: 512M
[2025-04-21T14:57:20.876+0000][1.047s] Heap Max Capacity: 512M
[2025-04-21T14:57:20.876+0000][1.048s] Pre-touch: Enabled
[2025-04-21T14:57:20.877+0000][1.048s] Parallel Workers: 10
[2025-04-21T14:57:20.877+0000][1.049s] Concurrent Workers: 3
[2025-04-21T14:57:20.878+0000][1.049s] Concurrent Refinement Workers: 10
[2025-04-21T14:57:20.878+0000][1.049s] Periodic GC: Disabled
[2025-04-21T14:57:20.914+0000][1.086s] CDS archive(s) mapped at: [0x00007efd07000000-0x00007efd07a62000-0x00007efd07a62000), size 10887168, SharedBaseAddress: 0x00007efd07000000, ArchiveRelocationMode: 1.
[2025-04-21T14:57:20.915+0000][1.087s] Compressed class space mapped at: 0x00007efd08000000-0x00007efd48000000, reserved size: 1073741824
[2025-04-21T14:57:20.916+0000][1.087s] Narrow klass base: 0x00007efd07000000, Narrow klass shift: 0, Narrow klass range: 0x100000000
[2025-04-21T14:57:26.068+0000][6.240s] GC(0) Pause Young (Normal) (G1 Evacuation Pause)
[2025-04-21T14:57:26.086+0000][6.258s] GC(0) Using 10 workers of 10 for evacuation
[2025-04-21T14:57:26.180+0000][6.352s] GC(0)   Pre Evacuate Collection Set: 6.0ms
[2025-04-21T14:57:26.181+0000][6.352s] GC(0)   Merge Heap Roots: 1.3ms
[2025-04-21T14:57:26.181+0000][6.353s] GC(0)   Evacuate Collection Set: 69.4ms
[2025-04-21T14:57:26.183+0000][6.355s] GC(0)   Post Evacuate Collection Set: 13.1ms
[2025-04-21T14:57:26.184+0000][6.355s] GC(0)   Other: 21.7ms
[2025-04-21T14:57:26.186+0000][6.357s] GC(0) Eden regions: 29->0(52)
[2025-04-21T14:57:26.186+0000][6.357s] GC(0) Survivor regions: 0->4(4)
[2025-04-21T14:57:26.196+0000][6.367s] GC(0) Old regions: 0->0
[2025-04-21T14:57:26.197+0000][6.369s] GC(0) Archive regions: 2->2
[2025-04-21T14:57:26.201+0000][6.372s] GC(0) Humongous regions: 0->0
[2025-04-21T14:57:26.206+0000][6.378s] GC(0) Metaspace: 9652K(9920K)->9652K(9920K) NonClass: 8462K(8576K)->8462K(8576K) Class: 1190K(1344K)->1190K(1344K)
[2025-04-21T14:57:26.217+0000][6.389s] GC(0) Pause Young (Normal) (G1 Evacuation Pause) 29M->4M(512M) 148.583ms
[2025-04-21T14:57:26.219+0000][6.390s] GC(0) User=0.08s Sys=0.02s Real=0.15s
[2025-04-21T14:57:29.726+0000][9.898s] GC(1) Pause Young (Normal) (G1 Evacuation Pause)
[2025-04-21T14:57:29.727+0000][9.898s] GC(1) Using 10 workers of 10 for evacuation
[2025-04-21T14:57:29.760+0000][9.931s] GC(1)   Pre Evacuate Collection Set: 0.2ms
[2025-04-21T14:57:29.760+0000][9.932s] GC(1)   Merge Heap Roots: 0.1ms
[2025-04-21T14:57:29.761+0000][9.932s] GC(1)   Evacuate Collection Set: 31.4ms
[2025-04-21T14:57:29.761+0000][9.932s] GC(1)   Post Evacuate Collection Set: 1.2ms
[2025-04-21T14:57:29.761+0000][9.932s] GC(1)   Other: 0.7ms
[2025-04-21T14:57:29.761+0000][9.933s] GC(1) Eden regions: 52->0(63)
[2025-04-21T14:57:29.761+0000][9.933s] GC(1) Survivor regions: 4->7(7)
[2025-04-21T14:57:29.762+0000][9.933s] GC(1) Old regions: 0->7
[2025-04-21T14:57:29.762+0000][9.933s] GC(1) Archive regions: 2->2
[2025-04-21T14:57:29.762+0000][9.933s] GC(1) Humongous regions: 4->4
[2025-04-21T14:57:29.762+0000][9.934s] GC(1) Metaspace: 17831K(18176K)->17831K(18176K) NonClass: 15636K(15808K)->15636K(15808K) Class: 2194K(2368K)->2194K(2368K)
[2025-04-21T14:57:29.762+0000][9.934s] GC(1) Pause Young (Normal) (G1 Evacuation Pause) 60M->18M(512M) 35.912ms
[2025-04-21T14:57:29.763+0000][9.934s] GC(1) User=0.12s Sys=0.01s Real=0.03s
[2025-04-21T14:57:30.547+0000][10.718s] GC(2) Pause Young (Normal) (G1 Evacuation Pause)
[2025-04-21T14:57:30.547+0000][10.718s] GC(2) Using 10 workers of 10 for evacuation
[2025-04-21T14:57:30.580+0000][10.751s] GC(2)   Pre Evacuate Collection Set: 0.2ms
[2025-04-21T14:57:30.580+0000][10.751s] GC(2)   Merge Heap Roots: 0.1ms
[2025-04-21T14:57:30.580+0000][10.752s] GC(2)   Evacuate Collection Set: 30.5ms
[2025-04-21T14:57:30.580+0000][10.752s] GC(2)   Post Evacuate Collection Set: 1.2ms
[2025-04-21T14:57:30.581+0000][10.752s] GC(2)   Other: 1.1ms
[2025-04-21T14:57:30.581+0000][10.753s] GC(2) Eden regions: 63->0(302)
[2025-04-21T14:57:30.582+0000][10.753s] GC(2) Survivor regions: 7->5(9)
[2025-04-21T14:57:30.582+0000][10.753s] GC(2) Old regions: 7->14
[2025-04-21T14:57:30.583+0000][10.755s] GC(2) Archive regions: 2->2
[2025-04-21T14:57:30.584+0000][10.755s] GC(2) Humongous regions: 4->4
[2025-04-21T14:57:30.587+0000][10.759s] GC(2) Metaspace: 17961K(18304K)->17961K(18304K) NonClass: 15764K(15936K)->15764K(15936K) Class: 2197K(2368K)->2197K(2368K)
[2025-04-21T14:57:30.588+0000][10.759s] GC(2) Pause Young (Normal) (G1 Evacuation Pause) 81M->22M(512M) 41.064ms
[2025-04-21T14:57:30.591+0000][10.762s] GC(2) User=0.08s Sys=0.00s Real=0.04s
[2025-04-21T14:57:31.821+0000][11.993s] GC(3) Pause Young (Concurrent Start) (Metadata GC Threshold)
[2025-04-21T14:57:31.822+0000][11.993s] GC(3) Using 10 workers of 10 for evacuation
[2025-04-21T14:57:31.827+0000][11.999s] GC(3)   Pre Evacuate Collection Set: 0.4ms
[2025-04-21T14:57:31.828+0000][11.999s] GC(3)   Merge Heap Roots: 0.2ms
[2025-04-21T14:57:31.828+0000][11.999s] GC(3)   Evacuate Collection Set: 3.3ms
[2025-04-21T14:57:31.828+0000][12.000s] GC(3)   Post Evacuate Collection Set: 1.0ms
[2025-04-21T14:57:31.828+0000][12.000s] GC(3)   Other: 1.4ms
[2025-04-21T14:57:31.829+0000][12.000s] GC(3) Eden regions: 44->0(302)
[2025-04-21T14:57:31.829+0000][12.001s] GC(3) Survivor regions: 5->5(39)
[2025-04-21T14:57:31.829+0000][12.001s] GC(3) Old regions: 14->14
[2025-04-21T14:57:31.830+0000][12.001s] GC(3) Archive regions: 2->2
[2025-04-21T14:57:31.830+0000][12.002s] GC(3) Humongous regions: 4->4
[2025-04-21T14:57:31.830+0000][12.002s] GC(3) Metaspace: 21113K(21504K)->21113K(21504K) NonClass: 18525K(18752K)->18525K(18752K) Class: 2587K(2752K)->2587K(2752K)
[2025-04-21T14:57:31.831+0000][12.002s] GC(3) Pause Young (Concurrent Start) (Metadata GC Threshold) 66M->23M(512M) 9.399ms
[2025-04-21T14:57:31.831+0000][12.002s] GC(3) User=0.02s Sys=0.01s Real=0.01s
[2025-04-21T14:57:31.832+0000][12.003s] GC(4) Concurrent Mark Cycle
[2025-04-21T14:57:31.833+0000][12.004s] GC(4) Concurrent Clear Claimed Marks
[2025-04-21T14:57:31.833+0000][12.004s] GC(4) Concurrent Clear Claimed Marks 0.449ms
[2025-04-21T14:57:31.833+0000][12.005s] GC(4) Concurrent Scan Root Regions
[2025-04-21T14:57:31.836+0000][12.007s] GC(4) Concurrent Scan Root Regions 2.749ms
[2025-04-21T14:57:31.837+0000][12.009s] GC(4) Concurrent Mark
[2025-04-21T14:57:31.838+0000][12.009s] GC(4) Concurrent Mark From Roots
[2025-04-21T14:57:31.838+0000][12.010s] GC(4) Using 3 workers of 3 for marking
[2025-04-21T14:57:31.859+0000][12.031s] GC(4) Concurrent Mark From Roots 21.691ms
[2025-04-21T14:57:31.860+0000][12.031s] GC(4) Concurrent Preclean
[2025-04-21T14:57:31.860+0000][12.031s] GC(4) Concurrent Preclean 0.419ms
[2025-04-21T14:57:31.860+0000][12.032s] GC(4) Pause Remark
[2025-04-21T14:57:31.866+0000][12.038s] GC(4) Pause Remark 24M->24M(512M) 5.633ms
[2025-04-21T14:57:31.867+0000][12.038s] GC(4) User=0.01s Sys=0.01s Real=0.01s
[2025-04-21T14:57:31.867+0000][12.038s] GC(4) Concurrent Mark 30.343ms
[2025-04-21T14:57:31.867+0000][12.039s] GC(4) Concurrent Rebuild Remembered Sets
[2025-04-21T14:57:31.873+0000][12.045s] GC(4) Concurrent Rebuild Remembered Sets 6.025ms
[2025-04-21T14:57:31.874+0000][12.045s] GC(4) Pause Cleanup
[2025-04-21T14:57:31.874+0000][12.046s] GC(4) Pause Cleanup 24M->24M(512M) 0.791ms
[2025-04-21T14:57:31.875+0000][12.046s] GC(4) User=0.00s Sys=0.00s Real=0.00s
[2025-04-21T14:57:31.875+0000][12.046s] GC(4) Concurrent Cleanup for Next Mark
[2025-04-21T14:57:31.888+0000][12.059s] GC(4) Concurrent Cleanup for Next Mark 12.871ms
[2025-04-21T14:57:31.888+0000][12.060s] GC(4) Concurrent Mark Cycle 56.291ms
[2025-04-21T14:57:38.043+0000][18.214s] GC(5) Pause Young (Prepare Mixed) (Metadata GC Threshold)
[2025-04-21T14:57:38.046+0000][18.218s] GC(5) Using 10 workers of 10 for evacuation
[2025-04-21T14:57:38.099+0000][18.270s] GC(5)   Pre Evacuate Collection Set: 2.5ms
[2025-04-21T14:57:38.099+0000][18.270s] GC(5)   Merge Heap Roots: 1.1ms
[2025-04-21T14:57:38.099+0000][18.270s] GC(5)   Evacuate Collection Set: 25.0ms
[2025-04-21T14:57:38.099+0000][18.271s] GC(5)   Post Evacuate Collection Set: 22.6ms
[2025-04-21T14:57:38.099+0000][18.271s] GC(5)   Other: 5.1ms
[2025-04-21T14:57:38.099+0000][18.271s] GC(5) Eden regions: 102->0(14)
[2025-04-21T14:57:38.100+0000][18.271s] GC(5) Survivor regions: 5->11(39)
[2025-04-21T14:57:38.100+0000][18.271s] GC(5) Old regions: 14->14
[2025-04-21T14:57:38.100+0000][18.271s] GC(5) Archive regions: 2->2
[2025-04-21T14:57:38.100+0000][18.271s] GC(5) Humongous regions: 4->4
[2025-04-21T14:57:38.100+0000][18.272s] GC(5) Metaspace: 35725K(36096K)->35725K(36096K) NonClass: 31257K(31424K)->31257K(31424K) Class: 4467K(4672K)->4467K(4672K)
[2025-04-21T14:57:38.100+0000][18.272s] GC(5) Pause Young (Prepare Mixed) (Metadata GC Threshold) 125M->29M(512M) 57.345ms
[2025-04-21T14:57:38.100+0000][18.272s] GC(5) User=0.18s Sys=0.01s Real=0.06s
[2025-04-21T14:57:38.173+0000][18.344s] GC(6) Pause Young (Mixed) (Metadata GC Threshold)
[2025-04-21T14:57:38.173+0000][18.345s] GC(6) Using 10 workers of 10 for evacuation
[2025-04-21T14:57:38.208+0000][18.380s] GC(6)   Pre Evacuate Collection Set: 0.6ms
[2025-04-21T14:57:38.209+0000][18.380s] GC(6)   Merge Heap Roots: 0.4ms
[2025-04-21T14:57:38.209+0000][18.380s] GC(6)   Evacuate Collection Set: 31.7ms
[2025-04-21T14:57:38.209+0000][18.380s] GC(6)   Post Evacuate Collection Set: 1.6ms
[2025-04-21T14:57:38.209+0000][18.381s] GC(6)   Other: 1.1ms
[2025-04-21T14:57:38.209+0000][18.381s] GC(6) Eden regions: 3->0(305)
[2025-04-21T14:57:38.209+0000][18.381s] GC(6) Survivor regions: 11->2(4)
[2025-04-21T14:57:38.210+0000][18.381s] GC(6) Old regions: 14->25
[2025-04-21T14:57:38.210+0000][18.381s] GC(6) Archive regions: 2->2
[2025-04-21T14:57:38.210+0000][18.381s] GC(6) Humongous regions: 4->4
[2025-04-21T14:57:38.210+0000][18.381s] GC(6) Metaspace: 36041K(36416K)->36041K(36416K) NonClass: 31524K(31680K)->31524K(31680K) Class: 4516K(4736K)->4516K(4736K)
[2025-04-21T14:57:38.210+0000][18.382s] GC(6) Pause Young (Mixed) (Metadata GC Threshold) 31M->30M(512M) 37.162ms
[2025-04-21T14:57:38.210+0000][18.382s] GC(6) User=0.11s Sys=0.02s Real=0.04s
[2025-04-21T14:57:38.253+0000][18.424s] GC(7) Pause Young (Concurrent Start) (Metadata GC Threshold)
[2025-04-21T14:57:38.253+0000][18.425s] GC(7) Using 10 workers of 10 for evacuation
[2025-04-21T14:57:38.265+0000][18.436s] GC(7)   Pre Evacuate Collection Set: 0.3ms
[2025-04-21T14:57:38.265+0000][18.437s] GC(7)   Merge Heap Roots: 0.2ms
[2025-04-21T14:57:38.265+0000][18.437s] GC(7)   Evacuate Collection Set: 2.4ms
[2025-04-21T14:57:38.266+0000][18.437s] GC(7)   Post Evacuate Collection Set: 0.6ms
[2025-04-21T14:57:38.266+0000][18.437s] GC(7)   Other: 8.8ms
[2025-04-21T14:57:38.266+0000][18.438s] GC(7) Eden regions: 3->0(306)
[2025-04-21T14:57:38.266+0000][18.438s] GC(7) Survivor regions: 2->1(39)
[2025-04-21T14:57:38.267+0000][18.438s] GC(7) Old regions: 25->25
[2025-04-21T14:57:38.267+0000][18.438s] GC(7) Archive regions: 2->2
[2025-04-21T14:57:38.267+0000][18.438s] GC(7) Humongous regions: 4->4
[2025-04-21T14:57:38.267+0000][18.439s] GC(7) Metaspace: 36403K(36736K)->36403K(36736K) NonClass: 31844K(32000K)->31844K(32000K) Class: 4559K(4736K)->4559K(4736K)
[2025-04-21T14:57:38.268+0000][18.440s] GC(7) Pause Young (Concurrent Start) (Metadata GC Threshold) 32M->29M(512M) 15.393ms
[2025-04-21T14:57:38.269+0000][18.440s] GC(7) User=0.02s Sys=0.01s Real=0.02s
[2025-04-21T14:57:38.270+0000][18.441s] GC(8) Concurrent Mark Cycle
[2025-04-21T14:57:38.270+0000][18.442s] GC(8) Concurrent Clear Claimed Marks
[2025-04-21T14:57:38.270+0000][18.442s] GC(8) Concurrent Clear Claimed Marks 0.308ms
[2025-04-21T14:57:38.271+0000][18.442s] GC(8) Concurrent Scan Root Regions
[2025-04-21T14:57:38.273+0000][18.445s] GC(8) Concurrent Scan Root Regions 2.179ms
[2025-04-21T14:57:38.274+0000][18.445s] GC(8) Concurrent Mark
[2025-04-21T14:57:38.274+0000][18.446s] GC(8) Concurrent Mark From Roots
[2025-04-21T14:57:38.275+0000][18.447s] GC(8) Using 3 workers of 3 for marking
[2025-04-21T14:57:38.358+0000][18.530s] GC(8) Concurrent Mark From Roots 84.125ms
[2025-04-21T14:57:38.359+0000][18.530s] GC(8) Concurrent Preclean
[2025-04-21T14:57:38.360+0000][18.531s] GC(8) Concurrent Preclean 0.772ms
[2025-04-21T14:57:38.360+0000][18.532s] GC(8) Pause Remark
[2025-04-21T14:57:38.366+0000][18.538s] GC(8) Pause Remark 32M->32M(512M) 6.075ms
[2025-04-21T14:57:38.367+0000][18.538s] GC(8) User=0.02s Sys=0.02s Real=0.01s
[2025-04-21T14:57:38.367+0000][18.538s] GC(8) Concurrent Mark 93.330ms
[2025-04-21T14:57:38.367+0000][18.539s] GC(8) Concurrent Rebuild Remembered Sets
[2025-04-21T14:57:38.376+0000][18.547s] GC(8) Concurrent Rebuild Remembered Sets 8.523ms
[2025-04-21T14:57:38.378+0000][18.550s] GC(8) Pause Cleanup
[2025-04-21T14:57:38.381+0000][18.552s] GC(8) Pause Cleanup 32M->32M(512M) 2.214ms
[2025-04-21T14:57:38.381+0000][18.553s] GC(8) User=0.00s Sys=0.00s Real=0.00s
[2025-04-21T14:57:38.382+0000][18.554s] GC(8) Concurrent Cleanup for Next Mark
[2025-04-21T14:57:38.399+0000][18.570s] GC(8) Concurrent Cleanup for Next Mark 16.415ms
[2025-04-21T14:57:38.399+0000][18.571s] GC(8) Concurrent Mark Cycle 129.582ms
[2025-04-21T15:13:24.495+0000][964.763s] Heap
[2025-04-21T15:13:24.499+0000][964.767s]  garbage-first heap   total 524288K, used 270781K [0x00000000e0000000, 0x0000000100000000)
[2025-04-21T15:13:24.499+0000][964.767s]   region size 1024K, 236 young (241664K), 1 survivors (1024K)
[2025-04-21T15:13:24.499+0000][964.768s]  Metaspace       used 57265K, committed 57792K, reserved 1114112K
[2025-04-21T15:13:24.500+0000][964.768s]   class space    used 7399K, committed 7680K, reserved 1048576K
